-- Catapult Ultra Synthesis: Report                                              
-- ------------------------- ---------------------------------------------------
-- Version:                  2023.1_2/1049935 Production Release                 
-- Build Date:               Sat Jun 10 10:53:51 PDT 2023                        
                                                                                 
-- Generated by:             ajh9498@hansolo.poly.edu                            
-- Generated date:           Thu Oct 02 19:45:49 EDT 2025                        

Solution Settings: matrix_multiply.v1
  Current state: schedule
  Project: mat_mul_1024x8_8x16_float

Design Input Files Specified
  $PROJECT_HOME/src/mat_mul.cpp
    $PROJECT_HOME/src/mat_mul.h
      $PROJECT_HOME/src/types.h
        $MGC_HOME/shared/include/ac_int.h
        $MGC_HOME/shared/include/ac_float.h
          $MGC_HOME/shared/include/ac_fixed.h
        $MGC_HOME/shared/include/ac_std_float.h
        $MGC_HOME/shared/include/ac_complex.h
      $MGC_HOME/shared/include/mc_scverify.h
  $PROJECT_HOME/src/mat_mul.h
  $PROJECT_HOME/src/types.h
  $PROJECT_HOME/src/main.cpp

Processes/Blocks in Design
  Process               Real Operation(s) count Latency Throughput Reset Length II Comments 
  --------------------- ----------------------- ------- ---------- ------------ -- --------
  /matrix_multiply/core                    1703   16426      16431            0  0          
  Design Total:                            1703   16426      16431            0  0          
  
Clock Information
  Clock Signal Edge   Period Sharing Alloc (%) Uncertainty Used by Processes/Blocks 
  ------------ ------ ------ ----------------- ----------- ------------------------
  clk          rising  1.000             20.00    0.000000 /matrix_multiply/core    
  
I/O Data Ranges
  Port                Mode DeclType DeclWidth DeclRange ActType ActWidth ActRange 
  ------------------- ---- -------- --------- --------- ------- -------- --------
  clk                 IN   Unsigned         1                                     
  rst                 IN   Unsigned         1                                     
  A.d:rsc(0)(0).q     IN   Unsigned        16                                     
  A.d:rsc(0)(1).q     IN   Unsigned        16                                     
  A.d:rsc(0)(2).q     IN   Unsigned        16                                     
  A.d:rsc(0)(3).q     IN   Unsigned        16                                     
  A.d:rsc(0)(4).q     IN   Unsigned        16                                     
  A.d:rsc(0)(5).q     IN   Unsigned        16                                     
  A.d:rsc(0)(6).q     IN   Unsigned        16                                     
  A.d:rsc(0)(7).q     IN   Unsigned        16                                     
  B.d:rsc(0)(0).q     IN   Unsigned        16                                     
  B.d:rsc(1)(0).q     IN   Unsigned        16                                     
  B.d:rsc(2)(0).q     IN   Unsigned        16                                     
  B.d:rsc(3)(0).q     IN   Unsigned        16                                     
  B.d:rsc(4)(0).q     IN   Unsigned        16                                     
  B.d:rsc(5)(0).q     IN   Unsigned        16                                     
  B.d:rsc(6)(0).q     IN   Unsigned        16                                     
  B.d:rsc(7)(0).q     IN   Unsigned        16                                     
  A.d:rsc(0)(0).radr  OUT  Unsigned        10                                     
  A.d:rsc(0)(0).re    OUT  Unsigned         1                                     
  A.d.tri(0)(0)osy.lz OUT  Unsigned         1                                     
  A.d:rsc(0)(1).radr  OUT  Unsigned        10                                     
  A.d:rsc(0)(1).re    OUT  Unsigned         1                                     
  A.d.tri(0)(1)osy.lz OUT  Unsigned         1                                     
  A.d:rsc(0)(2).radr  OUT  Unsigned        10                                     
  A.d:rsc(0)(2).re    OUT  Unsigned         1                                     
  A.d.tri(0)(2)osy.lz OUT  Unsigned         1                                     
  A.d:rsc(0)(3).radr  OUT  Unsigned        10                                     
  A.d:rsc(0)(3).re    OUT  Unsigned         1                                     
  A.d.tri(0)(3)osy.lz OUT  Unsigned         1                                     
  A.d:rsc(0)(4).radr  OUT  Unsigned        10                                     
  A.d:rsc(0)(4).re    OUT  Unsigned         1                                     
  A.d.tri(0)(4)osy.lz OUT  Unsigned         1                                     
  A.d:rsc(0)(5).radr  OUT  Unsigned        10                                     
  A.d:rsc(0)(5).re    OUT  Unsigned         1                                     
  A.d.tri(0)(5)osy.lz OUT  Unsigned         1                                     
  A.d:rsc(0)(6).radr  OUT  Unsigned        10                                     
  A.d:rsc(0)(6).re    OUT  Unsigned         1                                     
  A.d.tri(0)(6)osy.lz OUT  Unsigned         1                                     
  A.d:rsc(0)(7).radr  OUT  Unsigned        10                                     
  A.d:rsc(0)(7).re    OUT  Unsigned         1                                     
  A.d.tri(0)(7)osy.lz OUT  Unsigned         1                                     
  B.d:rsc(0)(0).radr  OUT  Unsigned         4                                     
  B.d:rsc(0)(0).re    OUT  Unsigned         1                                     
  B.d.tri(0)(0)osy.lz OUT  Unsigned         1                                     
  B.d:rsc(1)(0).radr  OUT  Unsigned         4                                     
  B.d:rsc(1)(0).re    OUT  Unsigned         1                                     
  B.d.tri(1)(0)osy.lz OUT  Unsigned         1                                     
  B.d:rsc(2)(0).radr  OUT  Unsigned         4                                     
  B.d:rsc(2)(0).re    OUT  Unsigned         1                                     
  B.d.tri(2)(0)osy.lz OUT  Unsigned         1                                     
  B.d:rsc(3)(0).radr  OUT  Unsigned         4                                     
  B.d:rsc(3)(0).re    OUT  Unsigned         1                                     
  B.d.tri(3)(0)osy.lz OUT  Unsigned         1                                     
  B.d:rsc(4)(0).radr  OUT  Unsigned         4                                     
  B.d:rsc(4)(0).re    OUT  Unsigned         1                                     
  B.d.tri(4)(0)osy.lz OUT  Unsigned         1                                     
  B.d:rsc(5)(0).radr  OUT  Unsigned         4                                     
  B.d:rsc(5)(0).re    OUT  Unsigned         1                                     
  B.d.tri(5)(0)osy.lz OUT  Unsigned         1                                     
  B.d:rsc(6)(0).radr  OUT  Unsigned         4                                     
  B.d:rsc(6)(0).re    OUT  Unsigned         1                                     
  B.d.tri(6)(0)osy.lz OUT  Unsigned         1                                     
  B.d:rsc(7)(0).radr  OUT  Unsigned         4                                     
  B.d:rsc(7)(0).re    OUT  Unsigned         1                                     
  B.d.tri(7)(0)osy.lz OUT  Unsigned         1                                     
  C.d:rsc.wadr        OUT  Unsigned        14                                     
  C.d:rsc.d           OUT  Unsigned        16                                     
  C.d:rsc.we          OUT  Unsigned         1                                     
  C.d.triosy.lz       OUT  Unsigned         1                                     
  
Memory Resources
  Resource Name: /matrix_multiply/A.d:rsc
    Memory Component: ccs_ram_sync_1R1W            Size:         8192 x 16
    External:         false                        Packing Mode: absolute
    Memory Map:
    Variable             Indices Phys Memory Address        
    -------------------- ------- --------------------------
    /matrix_multiply/A.d    0:15 00001fff-00000000 (8191-0) 
    
    Splitting: 
    Block         Original Addresses 
    ------------- ------------------
    A.d:rsc(0)(0)   0, 8, ..., 8184  
    A.d:rsc(0)(1)   1, 9, ..., 8185  
    A.d:rsc(0)(2)   2, 10, ..., 8186 
    A.d:rsc(0)(3)   3, 11, ..., 8187 
    A.d:rsc(0)(4)   4, 12, ..., 8188 
    A.d:rsc(0)(5)   5, 13, ..., 8189 
    A.d:rsc(0)(6)   6, 14, ..., 8190 
    A.d:rsc(0)(7)   7, 15, ..., 8191 
    
  Resource Name: /matrix_multiply/B.d:rsc
    Memory Component: ccs_ram_sync_1R1W            Size:         128 x 16
    External:         false                        Packing Mode: absolute
    Memory Map:
    Variable             Indices Phys Memory Address       
    -------------------- ------- -------------------------
    /matrix_multiply/B.d    0:15 0000007f-00000000 (127-0) 
    
    Splitting: 
    Block         Original Addresses   
    ------------- --------------------
    B.d:rsc(0)(0)   0, 1, ..., 15      
    B.d:rsc(1)(0)   16, 17, ..., 31    
    B.d:rsc(2)(0)   32, 33, ..., 47    
    B.d:rsc(3)(0)   48, 49, ..., 63    
    B.d:rsc(4)(0)   64, 65, ..., 79    
    B.d:rsc(5)(0)   80, 81, ..., 95    
    B.d:rsc(6)(0)   96, 97, ..., 111   
    B.d:rsc(7)(0)   112, 113, ..., 127 
    
  Resource Name: /matrix_multiply/C.d:rsc
    Memory Component: ccs_ram_sync_1R1W            Size:         16384 x 16
    External:         false                        Packing Mode: absolute
    Memory Map:
    Variable             Indices Phys Memory Address         
    -------------------- ------- ---------------------------
    /matrix_multiply/C.d    0:15 00003fff-00000000 (16383-0) 
    
C++ to Interface Mappings
  C++ Field Interface Range Range Expression Expression Limits 
  --------- --------------- ---------------- -----------------
  
Multi-Cycle (Combinational) Component Usage
  Instance Component Name Cycles 
  -------- -------------- ------
  
Loops
  Process               Loop             Iterations C-Steps Total Cycles  Duration  Unroll Init Comments 
  --------------------- ---------------- ---------- ------- ------------- --------- ------ ---- --------
  /matrix_multiply/core core:rlp           Infinite       0        16431  16.43 us                       
  /matrix_multiply/core  main              Infinite       2        16431  16.43 us                       
  /matrix_multiply/core   ROW                 16384      46        16429  16.43 us            1          
  
Loop Execution Profile
  Process               Loop             Total Cycles % of Overall Design Cycles Throughput Cycles Comments 
  --------------------- ---------------- ------------ -------------------------- ----------------- --------
  /matrix_multiply/core core:rlp                   0                        0.00            16431           
  /matrix_multiply/core  main                      2                        0.01            16431           
  /matrix_multiply/core   ROW                  16429                       99.99               16           
  
End of Report
