-- Catapult Ultra Synthesis: Report                                              
-- ------------------------- ---------------------------------------------------
-- Version:                  2023.1_2/1049935 Production Release                 
-- Build Date:               Sat Jun 10 10:53:51 PDT 2023                        
                                                                                 
-- Generated by:             ajh9498@hansolo.poly.edu                            
-- Generated date:           Thu Oct 02 20:40:02 EDT 2025                        

Solution Settings: matrix_multiply.v1
  Current state: schedule
  Project: mat_mul_1024x16_16x16_float

Design Input Files Specified
  $PROJECT_HOME/src/mat_mul.cpp
    $PROJECT_HOME/src/mat_mul.h
      $PROJECT_HOME/src/types.h
        $MGC_HOME/shared/include/ac_int.h
        $MGC_HOME/shared/include/ac_float.h
          $MGC_HOME/shared/include/ac_fixed.h
        $MGC_HOME/shared/include/ac_std_float.h
        $MGC_HOME/shared/include/ac_complex.h
      $MGC_HOME/shared/include/mc_scverify.h
  $PROJECT_HOME/src/mat_mul.h
  $PROJECT_HOME/src/types.h
  $PROJECT_HOME/src/main.cpp

Processes/Blocks in Design
  Process               Real Operation(s) count Latency Throughput Reset Length II Comments 
  --------------------- ----------------------- ------- ---------- ------------ -- --------
  /matrix_multiply/core                    3415   16466      16471            0  0          
  Design Total:                            3415   16466      16471            0  0          
  
Clock Information
  Clock Signal Edge   Period Sharing Alloc (%) Uncertainty Used by Processes/Blocks 
  ------------ ------ ------ ----------------- ----------- ------------------------
  clk          rising  1.000             20.00    0.000000 /matrix_multiply/core    
  
I/O Data Ranges
  Port                 Mode DeclType DeclWidth DeclRange ActType ActWidth ActRange 
  -------------------- ---- -------- --------- --------- ------- -------- --------
  clk                  IN   Unsigned         1                                     
  rst                  IN   Unsigned         1                                     
  A.d:rsc(0)(0).q      IN   Unsigned        16                                     
  A.d:rsc(0)(1).q      IN   Unsigned        16                                     
  A.d:rsc(0)(2).q      IN   Unsigned        16                                     
  A.d:rsc(0)(3).q      IN   Unsigned        16                                     
  A.d:rsc(0)(4).q      IN   Unsigned        16                                     
  A.d:rsc(0)(5).q      IN   Unsigned        16                                     
  A.d:rsc(0)(6).q      IN   Unsigned        16                                     
  A.d:rsc(0)(7).q      IN   Unsigned        16                                     
  A.d:rsc(0)(8).q      IN   Unsigned        16                                     
  A.d:rsc(0)(9).q      IN   Unsigned        16                                     
  A.d:rsc(0)(10).q     IN   Unsigned        16                                     
  A.d:rsc(0)(11).q     IN   Unsigned        16                                     
  A.d:rsc(0)(12).q     IN   Unsigned        16                                     
  A.d:rsc(0)(13).q     IN   Unsigned        16                                     
  A.d:rsc(0)(14).q     IN   Unsigned        16                                     
  A.d:rsc(0)(15).q     IN   Unsigned        16                                     
  B.d:rsc(0)(0).q      IN   Unsigned        16                                     
  B.d:rsc(1)(0).q      IN   Unsigned        16                                     
  B.d:rsc(2)(0).q      IN   Unsigned        16                                     
  B.d:rsc(3)(0).q      IN   Unsigned        16                                     
  B.d:rsc(4)(0).q      IN   Unsigned        16                                     
  B.d:rsc(5)(0).q      IN   Unsigned        16                                     
  B.d:rsc(6)(0).q      IN   Unsigned        16                                     
  B.d:rsc(7)(0).q      IN   Unsigned        16                                     
  B.d:rsc(8)(0).q      IN   Unsigned        16                                     
  B.d:rsc(9)(0).q      IN   Unsigned        16                                     
  B.d:rsc(10)(0).q     IN   Unsigned        16                                     
  B.d:rsc(11)(0).q     IN   Unsigned        16                                     
  B.d:rsc(12)(0).q     IN   Unsigned        16                                     
  B.d:rsc(13)(0).q     IN   Unsigned        16                                     
  B.d:rsc(14)(0).q     IN   Unsigned        16                                     
  B.d:rsc(15)(0).q     IN   Unsigned        16                                     
  A.d:rsc(0)(0).radr   OUT  Unsigned        10                                     
  A.d:rsc(0)(0).re     OUT  Unsigned         1                                     
  A.d.tri(0)(0)osy.lz  OUT  Unsigned         1                                     
  A.d:rsc(0)(1).radr   OUT  Unsigned        10                                     
  A.d:rsc(0)(1).re     OUT  Unsigned         1                                     
  A.d.tri(0)(1)osy.lz  OUT  Unsigned         1                                     
  A.d:rsc(0)(2).radr   OUT  Unsigned        10                                     
  A.d:rsc(0)(2).re     OUT  Unsigned         1                                     
  A.d.tri(0)(2)osy.lz  OUT  Unsigned         1                                     
  A.d:rsc(0)(3).radr   OUT  Unsigned        10                                     
  A.d:rsc(0)(3).re     OUT  Unsigned         1                                     
  A.d.tri(0)(3)osy.lz  OUT  Unsigned         1                                     
  A.d:rsc(0)(4).radr   OUT  Unsigned        10                                     
  A.d:rsc(0)(4).re     OUT  Unsigned         1                                     
  A.d.tri(0)(4)osy.lz  OUT  Unsigned         1                                     
  A.d:rsc(0)(5).radr   OUT  Unsigned        10                                     
  A.d:rsc(0)(5).re     OUT  Unsigned         1                                     
  A.d.tri(0)(5)osy.lz  OUT  Unsigned         1                                     
  A.d:rsc(0)(6).radr   OUT  Unsigned        10                                     
  A.d:rsc(0)(6).re     OUT  Unsigned         1                                     
  A.d.tri(0)(6)osy.lz  OUT  Unsigned         1                                     
  A.d:rsc(0)(7).radr   OUT  Unsigned        10                                     
  A.d:rsc(0)(7).re     OUT  Unsigned         1                                     
  A.d.tri(0)(7)osy.lz  OUT  Unsigned         1                                     
  A.d:rsc(0)(8).radr   OUT  Unsigned        10                                     
  A.d:rsc(0)(8).re     OUT  Unsigned         1                                     
  A.d.tri(0)(8)osy.lz  OUT  Unsigned         1                                     
  A.d:rsc(0)(9).radr   OUT  Unsigned        10                                     
  A.d:rsc(0)(9).re     OUT  Unsigned         1                                     
  A.d.tri(0)(9)osy.lz  OUT  Unsigned         1                                     
  A.d:rsc(0)(10).radr  OUT  Unsigned        10                                     
  A.d:rsc(0)(10).re    OUT  Unsigned         1                                     
  A.d.tri(0)(10)osy.lz OUT  Unsigned         1                                     
  A.d:rsc(0)(11).radr  OUT  Unsigned        10                                     
  A.d:rsc(0)(11).re    OUT  Unsigned         1                                     
  A.d.tri(0)(11)osy.lz OUT  Unsigned         1                                     
  A.d:rsc(0)(12).radr  OUT  Unsigned        10                                     
  A.d:rsc(0)(12).re    OUT  Unsigned         1                                     
  A.d.tri(0)(12)osy.lz OUT  Unsigned         1                                     
  A.d:rsc(0)(13).radr  OUT  Unsigned        10                                     
  A.d:rsc(0)(13).re    OUT  Unsigned         1                                     
  A.d.tri(0)(13)osy.lz OUT  Unsigned         1                                     
  A.d:rsc(0)(14).radr  OUT  Unsigned        10                                     
  A.d:rsc(0)(14).re    OUT  Unsigned         1                                     
  A.d.tri(0)(14)osy.lz OUT  Unsigned         1                                     
  A.d:rsc(0)(15).radr  OUT  Unsigned        10                                     
  A.d:rsc(0)(15).re    OUT  Unsigned         1                                     
  A.d.tri(0)(15)osy.lz OUT  Unsigned         1                                     
  B.d:rsc(0)(0).radr   OUT  Unsigned         4                                     
  B.d:rsc(0)(0).re     OUT  Unsigned         1                                     
  B.d.tri(0)(0)osy.lz  OUT  Unsigned         1                                     
  B.d:rsc(1)(0).radr   OUT  Unsigned         4                                     
  B.d:rsc(1)(0).re     OUT  Unsigned         1                                     
  B.d.tri(1)(0)osy.lz  OUT  Unsigned         1                                     
  B.d:rsc(2)(0).radr   OUT  Unsigned         4                                     
  B.d:rsc(2)(0).re     OUT  Unsigned         1                                     
  B.d.tri(2)(0)osy.lz  OUT  Unsigned         1                                     
  B.d:rsc(3)(0).radr   OUT  Unsigned         4                                     
  B.d:rsc(3)(0).re     OUT  Unsigned         1                                     
  B.d.tri(3)(0)osy.lz  OUT  Unsigned         1                                     
  B.d:rsc(4)(0).radr   OUT  Unsigned         4                                     
  B.d:rsc(4)(0).re     OUT  Unsigned         1                                     
  B.d.tri(4)(0)osy.lz  OUT  Unsigned         1                                     
  B.d:rsc(5)(0).radr   OUT  Unsigned         4                                     
  B.d:rsc(5)(0).re     OUT  Unsigned         1                                     
  B.d.tri(5)(0)osy.lz  OUT  Unsigned         1                                     
  B.d:rsc(6)(0).radr   OUT  Unsigned         4                                     
  B.d:rsc(6)(0).re     OUT  Unsigned         1                                     
  B.d.tri(6)(0)osy.lz  OUT  Unsigned         1                                     
  B.d:rsc(7)(0).radr   OUT  Unsigned         4                                     
  B.d:rsc(7)(0).re     OUT  Unsigned         1                                     
  B.d.tri(7)(0)osy.lz  OUT  Unsigned         1                                     
  B.d:rsc(8)(0).radr   OUT  Unsigned         4                                     
  B.d:rsc(8)(0).re     OUT  Unsigned         1                                     
  B.d.tri(8)(0)osy.lz  OUT  Unsigned         1                                     
  B.d:rsc(9)(0).radr   OUT  Unsigned         4                                     
  B.d:rsc(9)(0).re     OUT  Unsigned         1                                     
  B.d.tri(9)(0)osy.lz  OUT  Unsigned         1                                     
  B.d:rsc(10)(0).radr  OUT  Unsigned         4                                     
  B.d:rsc(10)(0).re    OUT  Unsigned         1                                     
  B.d.tri(10)(0)osy.lz OUT  Unsigned         1                                     
  B.d:rsc(11)(0).radr  OUT  Unsigned         4                                     
  B.d:rsc(11)(0).re    OUT  Unsigned         1                                     
  B.d.tri(11)(0)osy.lz OUT  Unsigned         1                                     
  B.d:rsc(12)(0).radr  OUT  Unsigned         4                                     
  B.d:rsc(12)(0).re    OUT  Unsigned         1                                     
  B.d.tri(12)(0)osy.lz OUT  Unsigned         1                                     
  B.d:rsc(13)(0).radr  OUT  Unsigned         4                                     
  B.d:rsc(13)(0).re    OUT  Unsigned         1                                     
  B.d.tri(13)(0)osy.lz OUT  Unsigned         1                                     
  B.d:rsc(14)(0).radr  OUT  Unsigned         4                                     
  B.d:rsc(14)(0).re    OUT  Unsigned         1                                     
  B.d.tri(14)(0)osy.lz OUT  Unsigned         1                                     
  B.d:rsc(15)(0).radr  OUT  Unsigned         4                                     
  B.d:rsc(15)(0).re    OUT  Unsigned         1                                     
  B.d.tri(15)(0)osy.lz OUT  Unsigned         1                                     
  C.d:rsc.wadr         OUT  Unsigned        14                                     
  C.d:rsc.d            OUT  Unsigned        16                                     
  C.d:rsc.we           OUT  Unsigned         1                                     
  C.d.triosy.lz        OUT  Unsigned         1                                     
  
Memory Resources
  Resource Name: /matrix_multiply/A.d:rsc
    Memory Component: ccs_ram_sync_1R1W            Size:         16384 x 16
    External:         false                        Packing Mode: absolute
    Memory Map:
    Variable             Indices Phys Memory Address         
    -------------------- ------- ---------------------------
    /matrix_multiply/A.d    0:15 00003fff-00000000 (16383-0) 
    
    Splitting: 
    Block          Original Addresses   
    -------------- --------------------
    A.d:rsc(0)(0)    0, 16, ..., 16368  
    A.d:rsc(0)(1)    1, 17, ..., 16369  
    A.d:rsc(0)(2)    2, 18, ..., 16370  
    A.d:rsc(0)(3)    3, 19, ..., 16371  
    A.d:rsc(0)(4)    4, 20, ..., 16372  
    A.d:rsc(0)(5)    5, 21, ..., 16373  
    A.d:rsc(0)(6)    6, 22, ..., 16374  
    A.d:rsc(0)(7)    7, 23, ..., 16375  
    A.d:rsc(0)(8)    8, 24, ..., 16376  
    A.d:rsc(0)(9)    9, 25, ..., 16377  
    A.d:rsc(0)(10)   10, 26, ..., 16378 
    A.d:rsc(0)(11)   11, 27, ..., 16379 
    A.d:rsc(0)(12)   12, 28, ..., 16380 
    A.d:rsc(0)(13)   13, 29, ..., 16381 
    A.d:rsc(0)(14)   14, 30, ..., 16382 
    A.d:rsc(0)(15)   15, 31, ..., 16383 
    
  Resource Name: /matrix_multiply/B.d:rsc
    Memory Component: ccs_ram_sync_1R1W            Size:         256 x 16
    External:         false                        Packing Mode: absolute
    Memory Map:
    Variable             Indices Phys Memory Address       
    -------------------- ------- -------------------------
    /matrix_multiply/B.d    0:15 000000ff-00000000 (255-0) 
    
    Splitting: 
    Block          Original Addresses   
    -------------- --------------------
    B.d:rsc(0)(0)    0, 1, ..., 15      
    B.d:rsc(1)(0)    16, 17, ..., 31    
    B.d:rsc(2)(0)    32, 33, ..., 47    
    B.d:rsc(3)(0)    48, 49, ..., 63    
    B.d:rsc(4)(0)    64, 65, ..., 79    
    B.d:rsc(5)(0)    80, 81, ..., 95    
    B.d:rsc(6)(0)    96, 97, ..., 111   
    B.d:rsc(7)(0)    112, 113, ..., 127 
    B.d:rsc(8)(0)    128, 129, ..., 143 
    B.d:rsc(9)(0)    144, 145, ..., 159 
    B.d:rsc(10)(0)   160, 161, ..., 175 
    B.d:rsc(11)(0)   176, 177, ..., 191 
    B.d:rsc(12)(0)   192, 193, ..., 207 
    B.d:rsc(13)(0)   208, 209, ..., 223 
    B.d:rsc(14)(0)   224, 225, ..., 239 
    B.d:rsc(15)(0)   240, 241, ..., 255 
    
  Resource Name: /matrix_multiply/C.d:rsc
    Memory Component: ccs_ram_sync_1R1W            Size:         16384 x 16
    External:         false                        Packing Mode: absolute
    Memory Map:
    Variable             Indices Phys Memory Address         
    -------------------- ------- ---------------------------
    /matrix_multiply/C.d    0:15 00003fff-00000000 (16383-0) 
    
C++ to Interface Mappings
  C++ Field Interface Range Range Expression Expression Limits 
  --------- --------------- ---------------- -----------------
  
Multi-Cycle (Combinational) Component Usage
  Instance Component Name Cycles 
  -------- -------------- ------
  
Loops
  Process               Loop             Iterations C-Steps Total Cycles  Duration  Unroll Init Comments 
  --------------------- ---------------- ---------- ------- ------------- --------- ------ ---- --------
  /matrix_multiply/core core:rlp           Infinite       0        16471  16.47 us                       
  /matrix_multiply/core  main              Infinite       2        16471  16.47 us                       
  /matrix_multiply/core   ROW                 16384      86        16469  16.47 us            1          
  
Loop Execution Profile
  Process               Loop             Total Cycles % of Overall Design Cycles Throughput Cycles Comments 
  --------------------- ---------------- ------------ -------------------------- ----------------- --------
  /matrix_multiply/core core:rlp                   0                        0.00            16471           
  /matrix_multiply/core  main                      2                        0.01            16471           
  /matrix_multiply/core   ROW                  16469                       99.99               16           
  
End of Report
