//  Catapult Ultra Synthesis 2023.1_2/1049935 (Production Release) Sat Jun 10 10:53:51 PDT 2023
//  
//          Copyright (c) Siemens EDA, 1996-2023, All Rights Reserved.
//                        UNPUBLISHED, LICENSED SOFTWARE.
//             CONFIDENTIAL AND PROPRIETARY INFORMATION WHICH IS THE
//                   PROPERTY OF SIEMENS EDA OR ITS LICENSORS.
//  
//  Running on Linux ajh9498@hansolo.poly.edu 4.18.0-553.70.1.el8_10.x86_64 x86_64 aol
//  
//  Package information: SIFLIBS v26.1_2.0, HLS_PKGS v26.1_2.0, 
//                       SIF_TOOLKITS v26.1_2.0, SIF_XILINX v26.1_2.0, 
//                       SIF_ALTERA v26.1_2.0, CCS_LIBS v26.1_2.0, 
//                       CDS_PPRO v2022.1_1, CDS_DesigChecker v2023.1_1, 
//                       CDS_OASYS v21.1_3.1, CDS_PSR v22.2_0.9, 
//                       DesignPad v2.78_1.0
//  
//  Start time Thu Oct  2 19:34:19 2025
# -------------------------------------------------
# Logging session transcript to file "/home/ajh9498/Documents/SALSA_HLS/mat_mul/mat_mul_1024x4_4x8_float.log"
# solution design set matrix_multiply -top (HC-8)
# Info: Starting transformation 'analyze' on solution 'solution.v1' (SOL-8)
# Creating project directory '/home/ajh9498/Documents/SALSA_HLS/mat_mul/mat_mul_1024x4_4x8_float/'. (PRJ-1)
# Front End called with arguments: -- /home/ajh9498/Documents/SALSA_HLS/mat_mul/src/mat_mul.cpp (CIN-69)
# Edison Design Group C++/C Front End - Version 6.3 (CIN-1)
# $MGC_HOME/shared/include/ac_std_float.h(180): Pragma 'hls_design<>' detected on routine 'ac::fx_div<8>' (CIN-6)
# Source file analysis completed (CIN-68)
# Info: Completed transformation 'analyze' on solution 'solution.v1': elapsed time 5.79 seconds, memory usage 1440564kB, peak memory usage 1440564kB (SOL-9)
# Info: Starting transformation 'compile' on solution 'matrix_multiply.v1' (SOL-8)
# Generating synthesis internal form... (CIN-3)
# $MGC_HOME/shared/include/ac_std_float.h(184): Found design routine 'ac::fx_div<8>' specified by directive (CIN-52)
# $PROJECT_HOME/src/mat_mul.cpp(3): Found top design routine 'matrix_multiply' specified by directive (CIN-52)
# $PROJECT_HOME/src/mat_mul.cpp(3): Synthesizing routine 'matrix_multiply' (CIN-13)
# $PROJECT_HOME/src/mat_mul.cpp(3): Inlining routine 'matrix_multiply' (CIN-14)
# $MGC_HOME/shared/include/ac_std_float.h(2178): Inlining member function 'ac_ieee_float<binary16>::ac_ieee_float' on object 'sum' (CIN-64)
# $MGC_HOME/shared/include/ac_std_float.h(1734): Inlining member function 'ac_ieee_float_base<binary16>::ac_ieee_float_base' on object 'sum' (CIN-64)
# $MGC_HOME/shared/include/ac_std_float.h(2140): Inlining member function 'ac_ieee_float<binary16>::ac_ieee_float<32, 32, true, AC_TRN, AC_WRAP>' on object 'ac_ieee_float:cctor' (CIN-64)
# $MGC_HOME/shared/include/ac_std_float.h(737): Inlining member function 'ac_std_float<16, 5>::ac_std_float<32, 32, true, AC_TRN, AC_WRAP>' on object 'ac_std_float:cctor' (CIN-64)
# $MGC_HOME/shared/include/ac_std_float.h(661): Inlining member function 'ac_std_float<16, 5>::assign_from<AC_RND_CONV, 32, 32, true, AC_TRN, AC_WRAP>' on object 'ac_std_float:cctor' (CIN-64)
# $MGC_HOME/shared/include/ac_std_float.h(112): Inlining routine 'ac_private::check_supported<AC_RND_CONV>' (CIN-14)
# $MGC_HOME/shared/include/ac_std_float.h(168): Inlining routine 'ac_private::leading_sign_constrained<44, 32, true>' (CIN-14)
# $MGC_HOME/shared/include/ac_std_float.h(148): Inlining method 'ac_private::LeadingSignConstrained<true, false>::val<44, 32, true>' (CIN-14)
# $MGC_HOME/shared/include/ac_int.h(2941): Inlining routine 'operator<<=<32, false>' (CIN-14)
# $MGC_HOME/shared/include/ac_std_float.h(1736): Inlining member function 'ac_ieee_float_base<binary16>::ac_ieee_float_base' on object 'ac_ieee_float:cctor' (CIN-64)
# $MGC_HOME/shared/include/ac_std_float.h(770): Inlining member function 'ac_std_float<16, 5>::data' on object 'ac_std_float:cctor' (CIN-64)
# $MGC_HOME/shared/include/ac_std_float.h(2228): Inlining member function 'ac_ieee_float<binary16>::operator*' on object 'A' (CIN-64)
# $MGC_HOME/shared/include/ac_std_float.h(1739): Inlining member function 'ac_ieee_float_base<binary16>::to_helper_t' on object 'A' (CIN-64)
# $MGC_HOME/shared/include/ac_std_float.h(464): Inlining member function 'ac_std_float<16, 5>::ac_std_float' on object 'x' (CIN-64)
# $MGC_HOME/shared/include/ac_std_float.h(772): Inlining member function 'ac_std_float<16, 5>::set_data' on object 'x' (CIN-64)
# $MGC_HOME/shared/include/ac_std_float.h(465): Inlining member function 'ac_std_float<16, 5>::ac_std_float' on object 'return' (CIN-64)
# $MGC_HOME/shared/include/ac_std_float.h(1739): Inlining member function 'ac_ieee_float_base<binary16>::to_helper_t' on object 'B' (CIN-64)
# $MGC_HOME/shared/include/ac_std_float.h(464): Inlining member function 'ac_std_float<16, 5>::ac_std_float' on object 'x' (CIN-64)
# $MGC_HOME/shared/include/ac_std_float.h(772): Inlining member function 'ac_std_float<16, 5>::set_data' on object 'x' (CIN-64)
# $MGC_HOME/shared/include/ac_std_float.h(465): Inlining member function 'ac_std_float<16, 5>::ac_std_float' on object 'return' (CIN-64)
# $MGC_HOME/shared/include/ac_std_float.h(1435): Inlining member function 'ac_std_float<16, 5>::operator*' on object 'return' (CIN-64)
# $MGC_HOME/shared/include/ac_std_float.h(1168): Inlining member function 'ac_std_float<16, 5>::mult<AC_RND_CONV, false>' on object 'return' (CIN-64)
# $MGC_HOME/shared/include/ac_std_float.h(1030): Inlining member function 'ac_std_float<16, 5>::mult_generic<AC_RND_CONV, false>' on object 'return' (CIN-64)
# $MGC_HOME/shared/include/ac_std_float.h(112): Inlining routine 'ac_private::check_supported<AC_RND_CONV>' (CIN-14)
# $MGC_HOME/shared/include/ac_std_float.h(859): Inlining member function 'ac_std_float<16, 5>::extract' on object 'return' (CIN-64)
# $MGC_HOME/shared/include/ac_int.h(2940): Inlining routine 'operator==<5, true>' (CIN-14)
# $MGC_HOME/shared/include/ac_std_float.h(859): Inlining member function 'ac_std_float<16, 5>::extract' on object 'return' (CIN-64)
# $MGC_HOME/shared/include/ac_int.h(2940): Inlining routine 'operator==<5, true>' (CIN-14)
# $MGC_HOME/shared/include/ac_int.h(2934): Inlining routine 'operator+<6, false>' (CIN-14)
# $MGC_HOME/shared/include/ac_int.h(2934): Inlining routine 'operator+<7, false>' (CIN-14)
# $MGC_HOME/shared/include/ac_int.h(2940): Inlining routine 'operator-<8, false>' (CIN-14)
# $MGC_HOME/shared/include/ac_int.h(2940): Inlining routine 'operator-<4, false>' (CIN-14)
# $MGC_HOME/shared/include/ac_int.h(2940): Inlining routine 'operator<<<22, false>' (CIN-14)
# $MGC_HOME/shared/include/ac_int.h(2940): Inlining routine 'operator<<<22, false>' (CIN-14)
# $MGC_HOME/shared/include/ac_int.h(2940): Inlining routine 'operator<<<22, false>' (CIN-14)
# $MGC_HOME/shared/include/ac_int.h(2940): Inlining routine 'operator<<<23, true>' (CIN-14)
# $MGC_HOME/shared/include/ac_int.h(2940): Inlining routine 'operator<<=<22, false>' (CIN-14)
# $MGC_HOME/shared/include/ac_int.h(2940): Inlining routine 'operator>><22, false>' (CIN-14)
# $MGC_HOME/shared/include/ac_fixed.h(1337): Inlining routine 'operator>>=<13, 11, false, AC_TRN, AC_WRAP>' (CIN-14)
# $MGC_HOME/shared/include/ac_int.h(2940): Inlining routine 'operator<<=<22, false>' (CIN-14)
# $MGC_HOME/shared/include/ac_int.h(2940): Inlining routine 'operator>><22, false>' (CIN-14)
# $MGC_HOME/shared/include/ac_fixed.h(1337): Inlining routine 'operator>>=<13, 11, false, AC_TRN, AC_WRAP>' (CIN-14)
# $MGC_HOME/shared/include/ac_std_float.h(464): Inlining member function 'ac_std_float<16, 5>::ac_std_float' on object 'r' (CIN-64)
# $MGC_HOME/shared/include/ac_std_float.h(772): Inlining member function 'ac_std_float<16, 5>::set_data' on object 'r' (CIN-64)
# $MGC_HOME/shared/include/ac_std_float.h(465): Inlining member function 'ac_std_float<16, 5>::ac_std_float' on object 'return' (CIN-64)
# $MGC_HOME/shared/include/ac_std_float.h(1736): Inlining member function 'ac_ieee_float_base<binary16>::ac_ieee_float_base' on object 'ac_ieee_float_base:cctor' (CIN-64)
# $MGC_HOME/shared/include/ac_std_float.h(770): Inlining member function 'ac_std_float<16, 5>::data' on object 'return' (CIN-64)
# $MGC_HOME/shared/include/ac_std_float.h(2129): Inlining member function 'ac_ieee_float<binary16>::ac_ieee_float' on object 'return' (CIN-64)
# $MGC_HOME/shared/include/ac_std_float.h(1735): Inlining member function 'ac_ieee_float_base<binary16>::ac_ieee_float_base' on object 'return' (CIN-64)
# $MGC_HOME/shared/include/ac_std_float.h(2235): Inlining member function 'ac_ieee_float<binary16>::operator+=' on object 'sum' (CIN-64)
# $MGC_HOME/shared/include/ac_std_float.h(2222): Inlining member function 'ac_ieee_float<binary16>::operator+' on object 'sum' (CIN-64)
# $MGC_HOME/shared/include/ac_std_float.h(1739): Inlining member function 'ac_ieee_float_base<binary16>::to_helper_t' on object 'sum' (CIN-64)
# $MGC_HOME/shared/include/ac_std_float.h(464): Inlining member function 'ac_std_float<16, 5>::ac_std_float' on object 'x' (CIN-64)
# $MGC_HOME/shared/include/ac_std_float.h(772): Inlining member function 'ac_std_float<16, 5>::set_data' on object 'x' (CIN-64)
# $MGC_HOME/shared/include/ac_std_float.h(465): Inlining member function 'ac_std_float<16, 5>::ac_std_float' on object 'return' (CIN-64)
# $MGC_HOME/shared/include/ac_std_float.h(1739): Inlining member function 'ac_ieee_float_base<binary16>::to_helper_t' on object 'return' (CIN-64)
# $MGC_HOME/shared/include/ac_std_float.h(464): Inlining member function 'ac_std_float<16, 5>::ac_std_float' on object 'x' (CIN-64)
# $MGC_HOME/shared/include/ac_std_float.h(772): Inlining member function 'ac_std_float<16, 5>::set_data' on object 'x' (CIN-64)
# $MGC_HOME/shared/include/ac_std_float.h(465): Inlining member function 'ac_std_float<16, 5>::ac_std_float' on object 'return' (CIN-64)
# $MGC_HOME/shared/include/ac_std_float.h(1429): Inlining member function 'ac_std_float<16, 5>::operator+' on object 'return' (CIN-64)
# $MGC_HOME/shared/include/ac_std_float.h(1018): Inlining member function 'ac_std_float<16, 5>::add<AC_RND_CONV, false>' on object 'return' (CIN-64)
# $MGC_HOME/shared/include/ac_std_float.h(888): Inlining member function 'ac_std_float<16, 5>::add_generic<AC_RND_CONV, false>' on object 'return' (CIN-64)
# $MGC_HOME/shared/include/ac_std_float.h(112): Inlining routine 'ac_private::check_supported<AC_RND_CONV>' (CIN-14)
# $MGC_HOME/shared/include/ac_std_float.h(859): Inlining member function 'ac_std_float<16, 5>::extract' on object 'return' (CIN-64)
# $MGC_HOME/shared/include/ac_int.h(2940): Inlining routine 'operator==<5, true>' (CIN-14)
# $MGC_HOME/shared/include/ac_std_float.h(859): Inlining member function 'ac_std_float<16, 5>::extract' on object 'return' (CIN-64)
# $MGC_HOME/shared/include/ac_int.h(2940): Inlining routine 'operator==<5, true>' (CIN-14)
# $MGC_HOME/shared/include/ac_int.h(2940): Inlining routine 'operator<<=<11, false>' (CIN-14)
# $MGC_HOME/shared/include/ac_int.h(2940): Inlining routine 'operator<<=<11, false>' (CIN-14)
# $MGC_HOME/shared/include/ac_int.h(2940): Inlining routine 'operator>>=<15, false>' (CIN-14)
# $MGC_HOME/shared/include/ac_fixed.h(1337): Inlining routine 'operator>><15, 12, false, AC_TRN, AC_WRAP>' (CIN-14)
# $MGC_HOME/shared/include/ac_int.h(2940): Inlining routine 'operator-<4, false>' (CIN-14)
# $MGC_HOME/shared/include/ac_int.h(2940): Inlining routine 'operator+<33, true>' (CIN-14)
# $MGC_HOME/shared/include/ac_int.h(2940): Inlining routine 'operator-<4, false>' (CIN-14)
# $MGC_HOME/shared/include/ac_int.h(2940): Inlining routine 'operator+<33, true>' (CIN-14)
# $MGC_HOME/shared/include/ac_fixed.h(1337): Inlining routine 'operator>>=<12, 13, false, AC_RND_CONV, AC_WRAP>' (CIN-14)
# $MGC_HOME/shared/include/ac_std_float.h(464): Inlining member function 'ac_std_float<16, 5>::ac_std_float' on object 'r' (CIN-64)
# $MGC_HOME/shared/include/ac_std_float.h(772): Inlining member function 'ac_std_float<16, 5>::set_data' on object 'r' (CIN-64)
# $MGC_HOME/shared/include/ac_std_float.h(465): Inlining member function 'ac_std_float<16, 5>::ac_std_float' on object 'return' (CIN-64)
# $MGC_HOME/shared/include/ac_std_float.h(1736): Inlining member function 'ac_ieee_float_base<binary16>::ac_ieee_float_base' on object 'ac_ieee_float_base:cctor' (CIN-64)
# $MGC_HOME/shared/include/ac_std_float.h(770): Inlining member function 'ac_std_float<16, 5>::data' on object 'return' (CIN-64)
# $MGC_HOME/shared/include/ac_std_float.h(2129): Inlining member function 'ac_ieee_float<binary16>::ac_ieee_float' on object 'return' (CIN-64)
# $MGC_HOME/shared/include/ac_std_float.h(1735): Inlining member function 'ac_ieee_float_base<binary16>::ac_ieee_float_base' on object 'return' (CIN-64)
# $PROJECT_HOME/src/mat_mul.cpp(3): Optimizing block '/matrix_multiply' ... (CIN-4)
# $MGC_HOME/shared/include/ac_std_float.h(1733): INOUT port 'A.d' is only used as an input. (OPT-10)
# $MGC_HOME/shared/include/ac_std_float.h(1733): INOUT port 'B.d' is only used as an input. (OPT-10)
# $MGC_HOME/shared/include/ac_std_float.h(1733): INOUT port 'C.d' is only used as an output. (OPT-11)
# $PROJECT_HOME/src/mat_mul.cpp(11): Loop '/matrix_multiply/core/MUL' iterated at most 4 times. (LOOP-2)
# $PROJECT_HOME/src/mat_mul.cpp(7): Loop '/matrix_multiply/core/COL' iterated at most 8 times. (LOOP-2)
# $PROJECT_HOME/src/mat_mul.cpp(5): Loop '/matrix_multiply/core/ROW' iterated at most 1024 times. (LOOP-2)
# Design 'matrix_multiply' was read (SOL-1)
# Makefile for Original Design + Testbench written to file './scverify/Verify_orig_cxx_osci.mk'
# Info: CDesignChecker Shell script written to '/home/ajh9498/Documents/SALSA_HLS/mat_mul/mat_mul_1024x4_4x8_float/matrix_multiply.v1/CDesignChecker/design_checker.sh'
# Info: Completed transformation 'compile' on solution 'matrix_multiply.v1': elapsed time 5.18 seconds, memory usage 1440564kB, peak memory usage 1440564kB (SOL-9)
# Info: Design complexity at end of 'compile': Total ops = 637, Real ops = 199, Vars = 138 (SOL-21)
# Info: Starting transformation 'libraries' on solution 'matrix_multiply.v1' (SOL-8)
# Info: Please set ComponentLibs/TechLibSearchPath to enable flows that use downstream synthesis tools (LIB-220)
# Reading component library '$MGC_HOME/pkgs/siflibs/mgc_busdefs.lib' [mgc_busdefs]... (LIB-49)
# Reading component library '$MGC_HOME/pkgs/siflibs/stdops.lib' [STDOPS]... (LIB-49)
# Reading component library '$MGC_HOME/pkgs/siflibs/fpops.lib' [FPOPS]... (LIB-49)
# Reading component library '$MGC_HOME/pkgs/siflibs/ccs_ioport.lib' [ccs_ioport]... (LIB-49)
# Reading component library '$MGC_HOME/pkgs/siflibs/mgc_ioport.lib' [mgc_ioport]... (LIB-49)
# Reading component library '$MGC_HOME/pkgs/cds_assert/assert_ops.lib' [ASSERT_OPS]... (LIB-49)
# Reading component library '$MGC_HOME/pkgs/cds_assert/assert_mods.lib' [assert_mods]... (LIB-49)
# Reading component library '$MGC_HOME/pkgs/siflibs/ccs_connections.lib' [ccs_connections]... (LIB-49)
# Reading component library '$MGC_HOME/pkgs/siflibs/saed/saed32lvt_tt0p78v125c_beh.lib' [saed32lvt_tt0p78v125c_beh]... (LIB-49)
# Warning: Component library 'saed32lvt_tt0p78v125c_beh' created with a newer version of Catapult Library Builder, 2023.2/1049340 > 2023.1_2/1049935 (LIB-83)
# Reading component library '$MGC_HOME/pkgs/siflibs/saed/saed32lvt_tt0p78v125c_dw_beh.lib' [saed32lvt_tt0p78v125c_dw_beh]... (LIB-49)
# Warning: Component library 'saed32lvt_tt0p78v125c_dw_beh' created with a newer version of Catapult Library Builder, 2023.2/1049340 > 2023.1_2/1049935 (LIB-83)
# Reading component library '$MGC_HOME/pkgs/siflibs/ccs_sample_mem.lib' [ccs_sample_mem]... (LIB-49)
# Info: Completed transformation 'libraries' on solution 'matrix_multiply.v1': elapsed time 0.91 seconds, memory usage 1440564kB, peak memory usage 1440564kB (SOL-9)
# Info: Design complexity at end of 'libraries': Total ops = 637, Real ops = 199, Vars = 138 (SOL-21)
# Info: Starting transformation 'assembly' on solution 'matrix_multiply.v1' (SOL-8)
# Info: Completed transformation 'assembly' on solution 'matrix_multiply.v1': elapsed time 0.33 seconds, memory usage 1440564kB, peak memory usage 1440564kB (SOL-9)
# Info: Design complexity at end of 'assembly': Total ops = 638, Real ops = 200, Vars = 140 (SOL-21)
# Info: Starting transformation 'loops' on solution 'matrix_multiply.v1' (SOL-8)
# $PROJECT_HOME/src/mat_mul.cpp(11): Loop '/matrix_multiply/core/MUL' is being fully unrolled (4 times). (LOOP-7)
# $PROJECT_HOME/src/mat_mul.cpp(7): Loop '/matrix_multiply/core/COL' is left rolled. (LOOP-4)
# $PROJECT_HOME/src/mat_mul.cpp(5): Loop '/matrix_multiply/core/ROW' is left rolled. (LOOP-4)
# $PROJECT_HOME/src/mat_mul.cpp(3): Loop '/matrix_multiply/core/main' is left rolled. (LOOP-4)
# Info: Completed transformation 'loops' on solution 'matrix_multiply.v1': elapsed time 2.65 seconds, memory usage 1440564kB, peak memory usage 1440564kB (SOL-9)
# Info: Design complexity at end of 'loops': Total ops = 2052, Real ops = 563, Vars = 434 (SOL-21)
# Info: Starting transformation 'memories' on solution 'matrix_multiply.v1' (SOL-8)
# $MGC_HOME/shared/include/ac_std_float.h(1733): Resource '/matrix_multiply/A.d:rsc' split into 1 x 4 blocks (MEM-11)
# $MGC_HOME/shared/include/ac_std_float.h(1733): Memory Resource '/matrix_multiply/A.d:rsc(0)(0)' (from var: A.d) mapped to 'ccs_sample_mem.ccs_ram_sync_1R1W' (size: 1024 x 16). (MEM-4)
# $MGC_HOME/shared/include/ac_std_float.h(1733): Memory Resource '/matrix_multiply/A.d:rsc(0)(1)' (from var: A.d) mapped to 'ccs_sample_mem.ccs_ram_sync_1R1W' (size: 1024 x 16). (MEM-4)
# $MGC_HOME/shared/include/ac_std_float.h(1733): Memory Resource '/matrix_multiply/A.d:rsc(0)(2)' (from var: A.d) mapped to 'ccs_sample_mem.ccs_ram_sync_1R1W' (size: 1024 x 16). (MEM-4)
# $MGC_HOME/shared/include/ac_std_float.h(1733): Memory Resource '/matrix_multiply/A.d:rsc(0)(3)' (from var: A.d) mapped to 'ccs_sample_mem.ccs_ram_sync_1R1W' (size: 1024 x 16). (MEM-4)
# $MGC_HOME/shared/include/ac_std_float.h(1733): Resource '/matrix_multiply/B.d:rsc' split into 4 x 1 blocks (MEM-11)
# $MGC_HOME/shared/include/ac_std_float.h(1733): Memory Resource '/matrix_multiply/B.d:rsc(0)(0)' (from var: B.d) mapped to 'ccs_sample_mem.ccs_ram_sync_1R1W' (size: 8 x 16). (MEM-4)
# $MGC_HOME/shared/include/ac_std_float.h(1733): Memory Resource '/matrix_multiply/B.d:rsc(1)(0)' (from var: B.d) mapped to 'ccs_sample_mem.ccs_ram_sync_1R1W' (size: 8 x 16). (MEM-4)
# $MGC_HOME/shared/include/ac_std_float.h(1733): Memory Resource '/matrix_multiply/B.d:rsc(2)(0)' (from var: B.d) mapped to 'ccs_sample_mem.ccs_ram_sync_1R1W' (size: 8 x 16). (MEM-4)
# $MGC_HOME/shared/include/ac_std_float.h(1733): Memory Resource '/matrix_multiply/B.d:rsc(3)(0)' (from var: B.d) mapped to 'ccs_sample_mem.ccs_ram_sync_1R1W' (size: 8 x 16). (MEM-4)
# $MGC_HOME/shared/include/ac_std_float.h(1733): Memory Resource '/matrix_multiply/C.d:rsc' (from var: C.d) mapped to 'ccs_sample_mem.ccs_ram_sync_1R1W' (size: 8192 x 16). (MEM-4)
# Info: Completed transformation 'memories' on solution 'matrix_multiply.v1': elapsed time 2.74 seconds, memory usage 1440564kB, peak memory usage 1440564kB (SOL-9)
# Info: Design complexity at end of 'memories': Total ops = 2061, Real ops = 563, Vars = 446 (SOL-21)
# Info: Starting transformation 'cluster' on solution 'matrix_multiply.v1' (SOL-8)
# Warning: ROM clustering skipped Technology Library(ies) required for Prototyping not found (CLUSTER-24)
# Module 'leading_sign_15_0_1_0_57210b0ad95c4fe954280875fe8f495c6134_0' in the cache is valid & accepted for CCORE 'leading_sign_15_0_1_0_57210b0ad95c4fe954280875fe8f495c6134' (TD-3)
# Reading solution library '/home/ajh9498/Documents/SALSA_HLS/mat_mul/mat_mul_1024x4_4x8_float/td_ccore_solutions/leading_sign_15_0_1_0_57210b0ad95c4fe954280875fe8f495c6134_0/.sif/solIndex_2_baa3c330-52ba-4ed0-946e-070b7f501a08.xml' ... (LIB-129)
# Module for CCORE 'leading_sign_15_0_1_0_57210b0ad95c4fe954280875fe8f495c6134' has been successfully synthesized (TD-4)
# Module 'leading_sign_11_0_4d0bb2ecabbe24067f655d7d939c3fe25abc_0' in the cache is valid & accepted for CCORE 'leading_sign_11_0_4d0bb2ecabbe24067f655d7d939c3fe25abc' (TD-3)
# Reading solution library '/home/ajh9498/Documents/SALSA_HLS/mat_mul/mat_mul_1024x4_4x8_float/td_ccore_solutions/leading_sign_11_0_4d0bb2ecabbe24067f655d7d939c3fe25abc_0/.sif/solIndex_2_806ab425-3076-456b-b87b-6855f52a691d.xml' ... (LIB-129)
# Module for CCORE 'leading_sign_11_0_4d0bb2ecabbe24067f655d7d939c3fe25abc' has been successfully synthesized (TD-4)
# Info: Completed transformation 'cluster' on solution 'matrix_multiply.v1': elapsed time 1.06 seconds, memory usage 1440564kB, peak memory usage 1440564kB (SOL-9)
# Info: Design complexity at end of 'cluster': Total ops = 1934, Real ops = 492, Vars = 419 (SOL-21)
# Info: Starting transformation 'architect' on solution 'matrix_multiply.v1' (SOL-8)
# Design 'matrix_multiply' contains '822' real operations. (SOL-11)
# Warning: Extrapolation detected. Script '/home/ajh9498/Documents/SALSA_HLS/mat_mul/mat_mul_1024x4_4x8_float/matrix_multiply.v1/adjust_char_library.tcl' generated. (LIB-142)
# Info: Completed transformation 'architect' on solution 'matrix_multiply.v1': elapsed time 6.37 seconds, memory usage 1440564kB, peak memory usage 1440564kB (SOL-9)
# Info: Design complexity at end of 'architect': Total ops = 2188, Real ops = 822, Vars = 409 (SOL-21)
# Info: Starting transformation 'allocate' on solution 'matrix_multiply.v1' (SOL-8)
# Performing concurrent resource allocation and scheduling on '/matrix_multiply/core' (CRAAS-1)
# Info: Select qualified components for data operations ... (CRAAS-3)
# Info: Apply resource constraints on data operations ... (CRAAS-4)
# $PROJECT_HOME/src/mat_mul.cpp(5): Prescheduled LOOP '/matrix_multiply/core/ROW' (26 c-steps) (SCHD-7)
# $PROJECT_HOME/src/mat_mul.cpp(3): Prescheduled LOOP '/matrix_multiply/core/main' (2 c-steps) (SCHD-7)
# $PROJECT_HOME/src/mat_mul.cpp(3): Prescheduled LOOP '/matrix_multiply/core/core:rlp' (0 c-steps) (SCHD-7)
# $PROJECT_HOME/src/mat_mul.cpp(3): Prescheduled SEQUENTIAL '/matrix_multiply/core' (total length 212994 c-steps) (SCHD-8)
# Info: $PROJECT_HOME/src/mat_mul.cpp(3): Initial schedule of SEQUENTIAL '/matrix_multiply/core': Latency = 8214, Area (Datapath, Register, Total) = 21990.52, 20721.79, 42712.31 (CRAAS-11)
# At least one feasible schedule exists. (CRAAS-9)
# Info: $PROJECT_HOME/src/mat_mul.cpp(3): Final schedule of SEQUENTIAL '/matrix_multiply/core': Latency = 8214, Area (Datapath, Register, Total) = 18093.60, 18926.33, 37019.93 (CRAAS-12)
# Resource allocation and scheduling done. (CRAAS-2)
# Netlist written to file 'schedule.gnt' (NET-4)
# Info: Completed transformation 'allocate' on solution 'matrix_multiply.v1': elapsed time 7.10 seconds, memory usage 1440564kB, peak memory usage 1440564kB (SOL-9)
# Info: Design complexity at end of 'allocate': Total ops = 2188, Real ops = 822, Vars = 409 (SOL-21)
# Info: Starting transformation 'schedule' on solution 'matrix_multiply.v1' (SOL-8)
# Performing concurrent resource allocation and scheduling on '/matrix_multiply/core' (CRAAS-1)
# Global signal 'C.d:rsc.we' added to design 'matrix_multiply' for component 'C.d:rsci' (LIB-3)
# Global signal 'C.d:rsc.d' added to design 'matrix_multiply' for component 'C.d:rsci' (LIB-3)
# Global signal 'C.d:rsc.wadr' added to design 'matrix_multiply' for component 'C.d:rsci' (LIB-3)
# Global signal 'A.d:rsc(0)(0).q' added to design 'matrix_multiply' for component 'A.d:rsc(0)(0)i' (LIB-3)
# Global signal 'A.d:rsc(0)(0).re' added to design 'matrix_multiply' for component 'A.d:rsc(0)(0)i' (LIB-3)
# Global signal 'A.d:rsc(0)(0).radr' added to design 'matrix_multiply' for component 'A.d:rsc(0)(0)i' (LIB-3)
# Global signal 'A.d:rsc(0)(1).q' added to design 'matrix_multiply' for component 'A.d:rsc(0)(1)i' (LIB-3)
# Global signal 'A.d:rsc(0)(1).re' added to design 'matrix_multiply' for component 'A.d:rsc(0)(1)i' (LIB-3)
# Global signal 'A.d:rsc(0)(1).radr' added to design 'matrix_multiply' for component 'A.d:rsc(0)(1)i' (LIB-3)
# Global signal 'A.d:rsc(0)(2).q' added to design 'matrix_multiply' for component 'A.d:rsc(0)(2)i' (LIB-3)
# Global signal 'A.d:rsc(0)(2).re' added to design 'matrix_multiply' for component 'A.d:rsc(0)(2)i' (LIB-3)
# Global signal 'A.d:rsc(0)(2).radr' added to design 'matrix_multiply' for component 'A.d:rsc(0)(2)i' (LIB-3)
# Global signal 'A.d:rsc(0)(3).q' added to design 'matrix_multiply' for component 'A.d:rsc(0)(3)i' (LIB-3)
# Global signal 'A.d:rsc(0)(3).re' added to design 'matrix_multiply' for component 'A.d:rsc(0)(3)i' (LIB-3)
# Global signal 'A.d:rsc(0)(3).radr' added to design 'matrix_multiply' for component 'A.d:rsc(0)(3)i' (LIB-3)
# Global signal 'B.d:rsc(0)(0).q' added to design 'matrix_multiply' for component 'B.d:rsc(0)(0)i' (LIB-3)
# Global signal 'B.d:rsc(0)(0).re' added to design 'matrix_multiply' for component 'B.d:rsc(0)(0)i' (LIB-3)
# Global signal 'B.d:rsc(0)(0).radr' added to design 'matrix_multiply' for component 'B.d:rsc(0)(0)i' (LIB-3)
# Global signal 'B.d:rsc(1)(0).q' added to design 'matrix_multiply' for component 'B.d:rsc(1)(0)i' (LIB-3)
# Global signal 'B.d:rsc(1)(0).re' added to design 'matrix_multiply' for component 'B.d:rsc(1)(0)i' (LIB-3)
# Global signal 'B.d:rsc(1)(0).radr' added to design 'matrix_multiply' for component 'B.d:rsc(1)(0)i' (LIB-3)
# Global signal 'B.d:rsc(2)(0).q' added to design 'matrix_multiply' for component 'B.d:rsc(2)(0)i' (LIB-3)
# Global signal 'B.d:rsc(2)(0).re' added to design 'matrix_multiply' for component 'B.d:rsc(2)(0)i' (LIB-3)
# Global signal 'B.d:rsc(2)(0).radr' added to design 'matrix_multiply' for component 'B.d:rsc(2)(0)i' (LIB-3)
# Global signal 'B.d:rsc(3)(0).q' added to design 'matrix_multiply' for component 'B.d:rsc(3)(0)i' (LIB-3)
# Global signal 'B.d:rsc(3)(0).re' added to design 'matrix_multiply' for component 'B.d:rsc(3)(0)i' (LIB-3)
# Global signal 'B.d:rsc(3)(0).radr' added to design 'matrix_multiply' for component 'B.d:rsc(3)(0)i' (LIB-3)
# Global signal 'A.d.tri(0)(3)osy.lz' added to design 'matrix_multiply' for component 'A.d.tri(0)(3)osy:obj' (LIB-3)
# Global signal 'A.d.tri(0)(2)osy.lz' added to design 'matrix_multiply' for component 'A.d.tri(0)(2)osy:obj' (LIB-3)
# Global signal 'A.d.tri(0)(1)osy.lz' added to design 'matrix_multiply' for component 'A.d.tri(0)(1)osy:obj' (LIB-3)
# Global signal 'A.d.tri(0)(0)osy.lz' added to design 'matrix_multiply' for component 'A.d.tri(0)(0)osy:obj' (LIB-3)
# Global signal 'B.d.tri(3)(0)osy.lz' added to design 'matrix_multiply' for component 'B.d.tri(3)(0)osy:obj' (LIB-3)
# Global signal 'B.d.tri(2)(0)osy.lz' added to design 'matrix_multiply' for component 'B.d.tri(2)(0)osy:obj' (LIB-3)
# Global signal 'B.d.tri(1)(0)osy.lz' added to design 'matrix_multiply' for component 'B.d.tri(1)(0)osy:obj' (LIB-3)
# Global signal 'B.d.tri(0)(0)osy.lz' added to design 'matrix_multiply' for component 'B.d.tri(0)(0)osy:obj' (LIB-3)
# Global signal 'C.d.triosy.lz' added to design 'matrix_multiply' for component 'C.d.triosy:obj' (LIB-3)
# Info: $PROJECT_HOME/src/mat_mul.cpp(5): Loop '/matrix_multiply/core/ROW' is pipelined with initiation interval 1 and no flushing (SCHD-43)
# Report written to file 'cycle.rpt'
# Info: Completed transformation 'schedule' on solution 'matrix_multiply.v1': elapsed time 26.06 seconds, memory usage 1440564kB, peak memory usage 1440564kB (SOL-9)
# Info: Design complexity at end of 'schedule': Total ops = 4375, Real ops = 815, Vars = 1297 (SOL-21)
# Info: Starting transformation 'dpfsm' on solution 'matrix_multiply.v1' (SOL-8)
# Performing FSM extraction... (FSM-1)
# Info: Completed transformation 'dpfsm' on solution 'matrix_multiply.v1': elapsed time 11.63 seconds, memory usage 1440564kB, peak memory usage 1440564kB (SOL-9)
# Info: Design complexity at end of 'dpfsm': Total ops = 4402, Real ops = 2666, Vars = 1132 (SOL-21)
# Info: Starting transformation 'instance' on solution 'matrix_multiply.v1' (SOL-8)
# Info: Completed transformation 'instance' on solution 'matrix_multiply.v1': elapsed time 18.32 seconds, memory usage 1440564kB, peak memory usage 1440564kB (SOL-9)
# Info: Design complexity at end of 'instance': Total ops = 3783, Real ops = 1994, Vars = 3615 (SOL-21)
# Info: Starting transformation 'extract' on solution 'matrix_multiply.v1' (SOL-8)
# Report written to file 'rtl.rpt'
# Generating scverify_top.cpp
# Netlist written to file 'rtl.v' (NET-4)
# generate concat
# order file name is: rtl.v_order.txt
# Add dependent file: /eda/mentor/Siemens_EDA/Catapult_Synthesis_2023.1_2/Mgc_home/pkgs/siflibs/mgc_io_sync_v2.v
# Add dependent file: /eda/mentor/Siemens_EDA/Catapult_Synthesis_2023.1_2/Mgc_home/pkgs/siflibs/mgc_shift_r_beh_v5.v
# Add dependent file: /eda/mentor/Siemens_EDA/Catapult_Synthesis_2023.1_2/Mgc_home/pkgs/siflibs/mgc_shift_l_beh_v5.v
# Add dependent file: ../td_ccore_solutions/leading_sign_15_0_1_0_57210b0ad95c4fe954280875fe8f495c6134_0/rtl.v
# Add dependent file: ../td_ccore_solutions/leading_sign_11_0_4d0bb2ecabbe24067f655d7d939c3fe25abc_0/rtl.v
# Add dependent file: ./rtl.v
# Finished writing concatenated file: /home/ajh9498/Documents/SALSA_HLS/mat_mul/mat_mul_1024x4_4x8_float/matrix_multiply.v1/concat_rtl.v
# order file name is: rtl.v_order_sim.txt
# Add dependent file: /eda/mentor/Siemens_EDA/Catapult_Synthesis_2023.1_2/Mgc_home/pkgs/siflibs/mgc_io_sync_v2.v
# Add dependent file: /eda/mentor/Siemens_EDA/Catapult_Synthesis_2023.1_2/Mgc_home/pkgs/siflibs/mgc_shift_r_beh_v5.v
# Add dependent file: /eda/mentor/Siemens_EDA/Catapult_Synthesis_2023.1_2/Mgc_home/pkgs/siflibs/mgc_shift_l_beh_v5.v
# Add dependent file: ../td_ccore_solutions/leading_sign_15_0_1_0_57210b0ad95c4fe954280875fe8f495c6134_0/rtl.v
# Add dependent file: ../td_ccore_solutions/leading_sign_11_0_4d0bb2ecabbe24067f655d7d939c3fe25abc_0/rtl.v
# Add dependent file: ./rtl.v
# Finished writing concatenated simulation file: /home/ajh9498/Documents/SALSA_HLS/mat_mul/mat_mul_1024x4_4x8_float/matrix_multiply.v1/concat_sim_rtl.v
# Generating SCVerify testbench files
# Makefile for RTL Verilog output 'rtl.v' vs Untimed C++ written to file './scverify/Verify_rtl_v_msim.mk'
# Makefile for RTL Verilog output 'rtl.v' vs Untimed C++ written to file './scverify/Verify_rtl_v_ncsim.mk'
# Makefile for RTL Verilog output 'rtl.v' vs Untimed C++ written to file './scverify/Verify_rtl_v_vcs.mk'
# Makefile for Concat RTL Verilog output 'concat_sim_rtl.v' vs Untimed C++ written to file './scverify/Verify_concat_sim_rtl_v_msim.mk'
# Makefile for Concat RTL Verilog output 'concat_sim_rtl.v' vs Untimed C++ written to file './scverify/Verify_concat_sim_rtl_v_ncsim.mk'
# Makefile for Concat RTL Verilog output 'concat_sim_rtl.v' vs Untimed C++ written to file './scverify/Verify_concat_sim_rtl_v_vcs.mk'
# Info: Completed transformation 'extract' on solution 'matrix_multiply.v1': elapsed time 11.23 seconds, memory usage 1440564kB, peak memory usage 1440564kB (SOL-9)
# Info: Design complexity at end of 'extract': Total ops = 3783, Real ops = 1994, Vars = 1109 (SOL-21)
# Saving project file '/home/ajh9498/Documents/SALSA_HLS/mat_mul/mat_mul_1024x4_4x8_float.ccs'. (PRJ-5)
