//  Catapult Ultra Synthesis 2023.1_2/1049935 (Production Release) Sat Jun 10 10:53:51 PDT 2023
//  
//          Copyright (c) Siemens EDA, 1996-2023, All Rights Reserved.
//                        UNPUBLISHED, LICENSED SOFTWARE.
//             CONFIDENTIAL AND PROPRIETARY INFORMATION WHICH IS THE
//                   PROPERTY OF SIEMENS EDA OR ITS LICENSORS.
//  
//  Running on Linux ajh9498@hansolo.poly.edu 4.18.0-553.70.1.el8_10.x86_64 x86_64 aol
//  
//  Package information: SIFLIBS v26.1_2.0, HLS_PKGS v26.1_2.0, 
//                       SIF_TOOLKITS v26.1_2.0, SIF_XILINX v26.1_2.0, 
//                       SIF_ALTERA v26.1_2.0, CCS_LIBS v26.1_2.0, 
//                       CDS_PPRO v2022.1_1, CDS_DesigChecker v2023.1_1, 
//                       CDS_OASYS v21.1_3.1, CDS_PSR v22.2_0.9, 
//                       DesignPad v2.78_1.0
//  
//  Start time Thu Oct  2 19:34:19 2025
# -------------------------------------------------
# Logging session transcript to file "/home/ajh9498/Documents/SALSA_HLS/mat_mul/mat_mul_1024x16_16x8_float.log"
# solution design set matrix_multiply -top (HC-8)
# Info: Starting transformation 'analyze' on solution 'solution.v1' (SOL-8)
# Creating project directory '/home/ajh9498/Documents/SALSA_HLS/mat_mul/mat_mul_1024x16_16x8_float/'. (PRJ-1)
# Front End called with arguments: -- /home/ajh9498/Documents/SALSA_HLS/mat_mul/src/mat_mul.cpp (CIN-69)
# Edison Design Group C++/C Front End - Version 6.3 (CIN-1)
# $MGC_HOME/shared/include/ac_std_float.h(180): Pragma 'hls_design<>' detected on routine 'ac::fx_div<8>' (CIN-6)
# Source file analysis completed (CIN-68)
# Info: Completed transformation 'analyze' on solution 'solution.v1': elapsed time 5.55 seconds, memory usage 1596268kB, peak memory usage 1596268kB (SOL-9)
# Info: Starting transformation 'compile' on solution 'matrix_multiply.v1' (SOL-8)
# Generating synthesis internal form... (CIN-3)
# $MGC_HOME/shared/include/ac_std_float.h(184): Found design routine 'ac::fx_div<8>' specified by directive (CIN-52)
# $PROJECT_HOME/src/mat_mul.cpp(3): Found top design routine 'matrix_multiply' specified by directive (CIN-52)
# $PROJECT_HOME/src/mat_mul.cpp(3): Synthesizing routine 'matrix_multiply' (CIN-13)
# $PROJECT_HOME/src/mat_mul.cpp(3): Inlining routine 'matrix_multiply' (CIN-14)
# $MGC_HOME/shared/include/ac_std_float.h(2178): Inlining member function 'ac_ieee_float<binary16>::ac_ieee_float' on object 'sum' (CIN-64)
# $MGC_HOME/shared/include/ac_std_float.h(1734): Inlining member function 'ac_ieee_float_base<binary16>::ac_ieee_float_base' on object 'sum' (CIN-64)
# $MGC_HOME/shared/include/ac_std_float.h(2140): Inlining member function 'ac_ieee_float<binary16>::ac_ieee_float<32, 32, true, AC_TRN, AC_WRAP>' on object 'ac_ieee_float:cctor' (CIN-64)
# $MGC_HOME/shared/include/ac_std_float.h(737): Inlining member function 'ac_std_float<16, 5>::ac_std_float<32, 32, true, AC_TRN, AC_WRAP>' on object 'ac_std_float:cctor' (CIN-64)
# $MGC_HOME/shared/include/ac_std_float.h(661): Inlining member function 'ac_std_float<16, 5>::assign_from<AC_RND_CONV, 32, 32, true, AC_TRN, AC_WRAP>' on object 'ac_std_float:cctor' (CIN-64)
# $MGC_HOME/shared/include/ac_std_float.h(112): Inlining routine 'ac_private::check_supported<AC_RND_CONV>' (CIN-14)
# $MGC_HOME/shared/include/ac_std_float.h(168): Inlining routine 'ac_private::leading_sign_constrained<44, 32, true>' (CIN-14)
# $MGC_HOME/shared/include/ac_std_float.h(148): Inlining method 'ac_private::LeadingSignConstrained<true, false>::val<44, 32, true>' (CIN-14)
# $MGC_HOME/shared/include/ac_int.h(2941): Inlining routine 'operator<<=<32, false>' (CIN-14)
# $MGC_HOME/shared/include/ac_std_float.h(1736): Inlining member function 'ac_ieee_float_base<binary16>::ac_ieee_float_base' on object 'ac_ieee_float:cctor' (CIN-64)
# $MGC_HOME/shared/include/ac_std_float.h(770): Inlining member function 'ac_std_float<16, 5>::data' on object 'ac_std_float:cctor' (CIN-64)
# $MGC_HOME/shared/include/ac_std_float.h(2228): Inlining member function 'ac_ieee_float<binary16>::operator*' on object 'A' (CIN-64)
# $MGC_HOME/shared/include/ac_std_float.h(1739): Inlining member function 'ac_ieee_float_base<binary16>::to_helper_t' on object 'A' (CIN-64)
# $MGC_HOME/shared/include/ac_std_float.h(464): Inlining member function 'ac_std_float<16, 5>::ac_std_float' on object 'x' (CIN-64)
# $MGC_HOME/shared/include/ac_std_float.h(772): Inlining member function 'ac_std_float<16, 5>::set_data' on object 'x' (CIN-64)
# $MGC_HOME/shared/include/ac_std_float.h(465): Inlining member function 'ac_std_float<16, 5>::ac_std_float' on object 'return' (CIN-64)
# $MGC_HOME/shared/include/ac_std_float.h(1739): Inlining member function 'ac_ieee_float_base<binary16>::to_helper_t' on object 'B' (CIN-64)
# $MGC_HOME/shared/include/ac_std_float.h(464): Inlining member function 'ac_std_float<16, 5>::ac_std_float' on object 'x' (CIN-64)
# $MGC_HOME/shared/include/ac_std_float.h(772): Inlining member function 'ac_std_float<16, 5>::set_data' on object 'x' (CIN-64)
# $MGC_HOME/shared/include/ac_std_float.h(465): Inlining member function 'ac_std_float<16, 5>::ac_std_float' on object 'return' (CIN-64)
# $MGC_HOME/shared/include/ac_std_float.h(1435): Inlining member function 'ac_std_float<16, 5>::operator*' on object 'return' (CIN-64)
# $MGC_HOME/shared/include/ac_std_float.h(1168): Inlining member function 'ac_std_float<16, 5>::mult<AC_RND_CONV, false>' on object 'return' (CIN-64)
# $MGC_HOME/shared/include/ac_std_float.h(1030): Inlining member function 'ac_std_float<16, 5>::mult_generic<AC_RND_CONV, false>' on object 'return' (CIN-64)
# $MGC_HOME/shared/include/ac_std_float.h(112): Inlining routine 'ac_private::check_supported<AC_RND_CONV>' (CIN-14)
# $MGC_HOME/shared/include/ac_std_float.h(859): Inlining member function 'ac_std_float<16, 5>::extract' on object 'return' (CIN-64)
# $MGC_HOME/shared/include/ac_int.h(2940): Inlining routine 'operator==<5, true>' (CIN-14)
# $MGC_HOME/shared/include/ac_std_float.h(859): Inlining member function 'ac_std_float<16, 5>::extract' on object 'return' (CIN-64)
# $MGC_HOME/shared/include/ac_int.h(2940): Inlining routine 'operator==<5, true>' (CIN-14)
# $MGC_HOME/shared/include/ac_int.h(2934): Inlining routine 'operator+<6, false>' (CIN-14)
# $MGC_HOME/shared/include/ac_int.h(2934): Inlining routine 'operator+<7, false>' (CIN-14)
# $MGC_HOME/shared/include/ac_int.h(2940): Inlining routine 'operator-<8, false>' (CIN-14)
# $MGC_HOME/shared/include/ac_int.h(2940): Inlining routine 'operator-<4, false>' (CIN-14)
# $MGC_HOME/shared/include/ac_int.h(2940): Inlining routine 'operator<<<22, false>' (CIN-14)
# $MGC_HOME/shared/include/ac_int.h(2940): Inlining routine 'operator<<<22, false>' (CIN-14)
# $MGC_HOME/shared/include/ac_int.h(2940): Inlining routine 'operator<<<22, false>' (CIN-14)
# $MGC_HOME/shared/include/ac_int.h(2940): Inlining routine 'operator<<<23, true>' (CIN-14)
# $MGC_HOME/shared/include/ac_int.h(2940): Inlining routine 'operator<<=<22, false>' (CIN-14)
# $MGC_HOME/shared/include/ac_int.h(2940): Inlining routine 'operator>><22, false>' (CIN-14)
# $MGC_HOME/shared/include/ac_fixed.h(1337): Inlining routine 'operator>>=<13, 11, false, AC_TRN, AC_WRAP>' (CIN-14)
# $MGC_HOME/shared/include/ac_int.h(2940): Inlining routine 'operator<<=<22, false>' (CIN-14)
# $MGC_HOME/shared/include/ac_int.h(2940): Inlining routine 'operator>><22, false>' (CIN-14)
# $MGC_HOME/shared/include/ac_fixed.h(1337): Inlining routine 'operator>>=<13, 11, false, AC_TRN, AC_WRAP>' (CIN-14)
# $MGC_HOME/shared/include/ac_std_float.h(464): Inlining member function 'ac_std_float<16, 5>::ac_std_float' on object 'r' (CIN-64)
# $MGC_HOME/shared/include/ac_std_float.h(772): Inlining member function 'ac_std_float<16, 5>::set_data' on object 'r' (CIN-64)
# $MGC_HOME/shared/include/ac_std_float.h(465): Inlining member function 'ac_std_float<16, 5>::ac_std_float' on object 'return' (CIN-64)
# $MGC_HOME/shared/include/ac_std_float.h(1736): Inlining member function 'ac_ieee_float_base<binary16>::ac_ieee_float_base' on object 'ac_ieee_float_base:cctor' (CIN-64)
# $MGC_HOME/shared/include/ac_std_float.h(770): Inlining member function 'ac_std_float<16, 5>::data' on object 'return' (CIN-64)
# $MGC_HOME/shared/include/ac_std_float.h(2129): Inlining member function 'ac_ieee_float<binary16>::ac_ieee_float' on object 'return' (CIN-64)
# $MGC_HOME/shared/include/ac_std_float.h(1735): Inlining member function 'ac_ieee_float_base<binary16>::ac_ieee_float_base' on object 'return' (CIN-64)
# $MGC_HOME/shared/include/ac_std_float.h(2235): Inlining member function 'ac_ieee_float<binary16>::operator+=' on object 'sum' (CIN-64)
# $MGC_HOME/shared/include/ac_std_float.h(2222): Inlining member function 'ac_ieee_float<binary16>::operator+' on object 'sum' (CIN-64)
# $MGC_HOME/shared/include/ac_std_float.h(1739): Inlining member function 'ac_ieee_float_base<binary16>::to_helper_t' on object 'sum' (CIN-64)
# $MGC_HOME/shared/include/ac_std_float.h(464): Inlining member function 'ac_std_float<16, 5>::ac_std_float' on object 'x' (CIN-64)
# $MGC_HOME/shared/include/ac_std_float.h(772): Inlining member function 'ac_std_float<16, 5>::set_data' on object 'x' (CIN-64)
# $MGC_HOME/shared/include/ac_std_float.h(465): Inlining member function 'ac_std_float<16, 5>::ac_std_float' on object 'return' (CIN-64)
# $MGC_HOME/shared/include/ac_std_float.h(1739): Inlining member function 'ac_ieee_float_base<binary16>::to_helper_t' on object 'return' (CIN-64)
# $MGC_HOME/shared/include/ac_std_float.h(464): Inlining member function 'ac_std_float<16, 5>::ac_std_float' on object 'x' (CIN-64)
# $MGC_HOME/shared/include/ac_std_float.h(772): Inlining member function 'ac_std_float<16, 5>::set_data' on object 'x' (CIN-64)
# $MGC_HOME/shared/include/ac_std_float.h(465): Inlining member function 'ac_std_float<16, 5>::ac_std_float' on object 'return' (CIN-64)
# $MGC_HOME/shared/include/ac_std_float.h(1429): Inlining member function 'ac_std_float<16, 5>::operator+' on object 'return' (CIN-64)
# $MGC_HOME/shared/include/ac_std_float.h(1018): Inlining member function 'ac_std_float<16, 5>::add<AC_RND_CONV, false>' on object 'return' (CIN-64)
# $MGC_HOME/shared/include/ac_std_float.h(888): Inlining member function 'ac_std_float<16, 5>::add_generic<AC_RND_CONV, false>' on object 'return' (CIN-64)
# $MGC_HOME/shared/include/ac_std_float.h(112): Inlining routine 'ac_private::check_supported<AC_RND_CONV>' (CIN-14)
# $MGC_HOME/shared/include/ac_std_float.h(859): Inlining member function 'ac_std_float<16, 5>::extract' on object 'return' (CIN-64)
# $MGC_HOME/shared/include/ac_int.h(2940): Inlining routine 'operator==<5, true>' (CIN-14)
# $MGC_HOME/shared/include/ac_std_float.h(859): Inlining member function 'ac_std_float<16, 5>::extract' on object 'return' (CIN-64)
# $MGC_HOME/shared/include/ac_int.h(2940): Inlining routine 'operator==<5, true>' (CIN-14)
# $MGC_HOME/shared/include/ac_int.h(2940): Inlining routine 'operator<<=<11, false>' (CIN-14)
# $MGC_HOME/shared/include/ac_int.h(2940): Inlining routine 'operator<<=<11, false>' (CIN-14)
# $MGC_HOME/shared/include/ac_int.h(2940): Inlining routine 'operator>>=<15, false>' (CIN-14)
# $MGC_HOME/shared/include/ac_fixed.h(1337): Inlining routine 'operator>><15, 12, false, AC_TRN, AC_WRAP>' (CIN-14)
# $MGC_HOME/shared/include/ac_int.h(2940): Inlining routine 'operator-<4, false>' (CIN-14)
# $MGC_HOME/shared/include/ac_int.h(2940): Inlining routine 'operator+<33, true>' (CIN-14)
# $MGC_HOME/shared/include/ac_int.h(2940): Inlining routine 'operator-<4, false>' (CIN-14)
# $MGC_HOME/shared/include/ac_int.h(2940): Inlining routine 'operator+<33, true>' (CIN-14)
# $MGC_HOME/shared/include/ac_fixed.h(1337): Inlining routine 'operator>>=<12, 13, false, AC_RND_CONV, AC_WRAP>' (CIN-14)
# $MGC_HOME/shared/include/ac_std_float.h(464): Inlining member function 'ac_std_float<16, 5>::ac_std_float' on object 'r' (CIN-64)
# $MGC_HOME/shared/include/ac_std_float.h(772): Inlining member function 'ac_std_float<16, 5>::set_data' on object 'r' (CIN-64)
# $MGC_HOME/shared/include/ac_std_float.h(465): Inlining member function 'ac_std_float<16, 5>::ac_std_float' on object 'return' (CIN-64)
# $MGC_HOME/shared/include/ac_std_float.h(1736): Inlining member function 'ac_ieee_float_base<binary16>::ac_ieee_float_base' on object 'ac_ieee_float_base:cctor' (CIN-64)
# $MGC_HOME/shared/include/ac_std_float.h(770): Inlining member function 'ac_std_float<16, 5>::data' on object 'return' (CIN-64)
# $MGC_HOME/shared/include/ac_std_float.h(2129): Inlining member function 'ac_ieee_float<binary16>::ac_ieee_float' on object 'return' (CIN-64)
# $MGC_HOME/shared/include/ac_std_float.h(1735): Inlining member function 'ac_ieee_float_base<binary16>::ac_ieee_float_base' on object 'return' (CIN-64)
# $PROJECT_HOME/src/mat_mul.cpp(3): Optimizing block '/matrix_multiply' ... (CIN-4)
# $MGC_HOME/shared/include/ac_std_float.h(1733): INOUT port 'A.d' is only used as an input. (OPT-10)
# $MGC_HOME/shared/include/ac_std_float.h(1733): INOUT port 'B.d' is only used as an input. (OPT-10)
# $MGC_HOME/shared/include/ac_std_float.h(1733): INOUT port 'C.d' is only used as an output. (OPT-11)
# $PROJECT_HOME/src/mat_mul.cpp(11): Loop '/matrix_multiply/core/MUL' iterated at most 16 times. (LOOP-2)
# $PROJECT_HOME/src/mat_mul.cpp(7): Loop '/matrix_multiply/core/COL' iterated at most 8 times. (LOOP-2)
# $PROJECT_HOME/src/mat_mul.cpp(5): Loop '/matrix_multiply/core/ROW' iterated at most 1024 times. (LOOP-2)
# Design 'matrix_multiply' was read (SOL-1)
# Makefile for Original Design + Testbench written to file './scverify/Verify_orig_cxx_osci.mk'
# Info: CDesignChecker Shell script written to '/home/ajh9498/Documents/SALSA_HLS/mat_mul/mat_mul_1024x16_16x8_float/matrix_multiply.v1/CDesignChecker/design_checker.sh'
# Info: Completed transformation 'compile' on solution 'matrix_multiply.v1': elapsed time 5.34 seconds, memory usage 1596268kB, peak memory usage 1596268kB (SOL-9)
# Info: Design complexity at end of 'compile': Total ops = 637, Real ops = 199, Vars = 138 (SOL-21)
# Info: Starting transformation 'libraries' on solution 'matrix_multiply.v1' (SOL-8)
# Info: Please set ComponentLibs/TechLibSearchPath to enable flows that use downstream synthesis tools (LIB-220)
# Reading component library '$MGC_HOME/pkgs/siflibs/mgc_busdefs.lib' [mgc_busdefs]... (LIB-49)
# Reading component library '$MGC_HOME/pkgs/siflibs/stdops.lib' [STDOPS]... (LIB-49)
# Reading component library '$MGC_HOME/pkgs/siflibs/fpops.lib' [FPOPS]... (LIB-49)
# Reading component library '$MGC_HOME/pkgs/siflibs/ccs_ioport.lib' [ccs_ioport]... (LIB-49)
# Reading component library '$MGC_HOME/pkgs/siflibs/mgc_ioport.lib' [mgc_ioport]... (LIB-49)
# Reading component library '$MGC_HOME/pkgs/cds_assert/assert_ops.lib' [ASSERT_OPS]... (LIB-49)
# Reading component library '$MGC_HOME/pkgs/cds_assert/assert_mods.lib' [assert_mods]... (LIB-49)
# Reading component library '$MGC_HOME/pkgs/siflibs/ccs_connections.lib' [ccs_connections]... (LIB-49)
# Reading component library '$MGC_HOME/pkgs/siflibs/saed/saed32lvt_tt0p78v125c_beh.lib' [saed32lvt_tt0p78v125c_beh]... (LIB-49)
# Warning: Component library 'saed32lvt_tt0p78v125c_beh' created with a newer version of Catapult Library Builder, 2023.2/1049340 > 2023.1_2/1049935 (LIB-83)
# Reading component library '$MGC_HOME/pkgs/siflibs/saed/saed32lvt_tt0p78v125c_dw_beh.lib' [saed32lvt_tt0p78v125c_dw_beh]... (LIB-49)
# Warning: Component library 'saed32lvt_tt0p78v125c_dw_beh' created with a newer version of Catapult Library Builder, 2023.2/1049340 > 2023.1_2/1049935 (LIB-83)
# Reading component library '$MGC_HOME/pkgs/siflibs/ccs_sample_mem.lib' [ccs_sample_mem]... (LIB-49)
# Info: Completed transformation 'libraries' on solution 'matrix_multiply.v1': elapsed time 0.94 seconds, memory usage 1596268kB, peak memory usage 1596268kB (SOL-9)
# Info: Design complexity at end of 'libraries': Total ops = 637, Real ops = 199, Vars = 138 (SOL-21)
# Info: Starting transformation 'assembly' on solution 'matrix_multiply.v1' (SOL-8)
# Info: Completed transformation 'assembly' on solution 'matrix_multiply.v1': elapsed time 0.37 seconds, memory usage 1596268kB, peak memory usage 1596268kB (SOL-9)
# Info: Design complexity at end of 'assembly': Total ops = 638, Real ops = 200, Vars = 140 (SOL-21)
# Info: Starting transformation 'loops' on solution 'matrix_multiply.v1' (SOL-8)
# $PROJECT_HOME/src/mat_mul.cpp(11): Loop '/matrix_multiply/core/MUL' is being fully unrolled (16 times). (LOOP-7)
# $PROJECT_HOME/src/mat_mul.cpp(7): Loop '/matrix_multiply/core/COL' is left rolled. (LOOP-4)
# $PROJECT_HOME/src/mat_mul.cpp(5): Loop '/matrix_multiply/core/ROW' is left rolled. (LOOP-4)
# $PROJECT_HOME/src/mat_mul.cpp(3): Loop '/matrix_multiply/core/main' is left rolled. (LOOP-4)
# Info: Running transformation 'loops' on solution 'matrix_multiply.v1': elapsed time 29.86 seconds, memory usage 1596268kB, peak memory usage 1596268kB (SOL-15)
# Info: Completed transformation 'loops' on solution 'matrix_multiply.v1': elapsed time 33.75 seconds, memory usage 1596268kB, peak memory usage 1596268kB (SOL-9)
# Info: Design complexity at end of 'loops': Total ops = 7896, Real ops = 2075, Vars = 1658 (SOL-21)
# Info: Starting transformation 'memories' on solution 'matrix_multiply.v1' (SOL-8)
# $MGC_HOME/shared/include/ac_std_float.h(1733): Resource '/matrix_multiply/A.d:rsc' split into 1 x 16 blocks (MEM-11)
# $MGC_HOME/shared/include/ac_std_float.h(1733): Memory Resource '/matrix_multiply/A.d:rsc(0)(0)' (from var: A.d) mapped to 'ccs_sample_mem.ccs_ram_sync_1R1W' (size: 1024 x 16). (MEM-4)
# $MGC_HOME/shared/include/ac_std_float.h(1733): Memory Resource '/matrix_multiply/A.d:rsc(0)(1)' (from var: A.d) mapped to 'ccs_sample_mem.ccs_ram_sync_1R1W' (size: 1024 x 16). (MEM-4)
# $MGC_HOME/shared/include/ac_std_float.h(1733): Memory Resource '/matrix_multiply/A.d:rsc(0)(2)' (from var: A.d) mapped to 'ccs_sample_mem.ccs_ram_sync_1R1W' (size: 1024 x 16). (MEM-4)
# $MGC_HOME/shared/include/ac_std_float.h(1733): Memory Resource '/matrix_multiply/A.d:rsc(0)(3)' (from var: A.d) mapped to 'ccs_sample_mem.ccs_ram_sync_1R1W' (size: 1024 x 16). (MEM-4)
# $MGC_HOME/shared/include/ac_std_float.h(1733): Memory Resource '/matrix_multiply/A.d:rsc(0)(4)' (from var: A.d) mapped to 'ccs_sample_mem.ccs_ram_sync_1R1W' (size: 1024 x 16). (MEM-4)
# $MGC_HOME/shared/include/ac_std_float.h(1733): Memory Resource '/matrix_multiply/A.d:rsc(0)(5)' (from var: A.d) mapped to 'ccs_sample_mem.ccs_ram_sync_1R1W' (size: 1024 x 16). (MEM-4)
# $MGC_HOME/shared/include/ac_std_float.h(1733): Memory Resource '/matrix_multiply/A.d:rsc(0)(6)' (from var: A.d) mapped to 'ccs_sample_mem.ccs_ram_sync_1R1W' (size: 1024 x 16). (MEM-4)
# $MGC_HOME/shared/include/ac_std_float.h(1733): Memory Resource '/matrix_multiply/A.d:rsc(0)(7)' (from var: A.d) mapped to 'ccs_sample_mem.ccs_ram_sync_1R1W' (size: 1024 x 16). (MEM-4)
# $MGC_HOME/shared/include/ac_std_float.h(1733): Memory Resource '/matrix_multiply/A.d:rsc(0)(8)' (from var: A.d) mapped to 'ccs_sample_mem.ccs_ram_sync_1R1W' (size: 1024 x 16). (MEM-4)
# $MGC_HOME/shared/include/ac_std_float.h(1733): Memory Resource '/matrix_multiply/A.d:rsc(0)(9)' (from var: A.d) mapped to 'ccs_sample_mem.ccs_ram_sync_1R1W' (size: 1024 x 16). (MEM-4)
# $MGC_HOME/shared/include/ac_std_float.h(1733): Memory Resource '/matrix_multiply/A.d:rsc(0)(10)' (from var: A.d) mapped to 'ccs_sample_mem.ccs_ram_sync_1R1W' (size: 1024 x 16). (MEM-4)
# $MGC_HOME/shared/include/ac_std_float.h(1733): Memory Resource '/matrix_multiply/A.d:rsc(0)(11)' (from var: A.d) mapped to 'ccs_sample_mem.ccs_ram_sync_1R1W' (size: 1024 x 16). (MEM-4)
# $MGC_HOME/shared/include/ac_std_float.h(1733): Memory Resource '/matrix_multiply/A.d:rsc(0)(12)' (from var: A.d) mapped to 'ccs_sample_mem.ccs_ram_sync_1R1W' (size: 1024 x 16). (MEM-4)
# $MGC_HOME/shared/include/ac_std_float.h(1733): Memory Resource '/matrix_multiply/A.d:rsc(0)(13)' (from var: A.d) mapped to 'ccs_sample_mem.ccs_ram_sync_1R1W' (size: 1024 x 16). (MEM-4)
# $MGC_HOME/shared/include/ac_std_float.h(1733): Memory Resource '/matrix_multiply/A.d:rsc(0)(14)' (from var: A.d) mapped to 'ccs_sample_mem.ccs_ram_sync_1R1W' (size: 1024 x 16). (MEM-4)
# $MGC_HOME/shared/include/ac_std_float.h(1733): Memory Resource '/matrix_multiply/A.d:rsc(0)(15)' (from var: A.d) mapped to 'ccs_sample_mem.ccs_ram_sync_1R1W' (size: 1024 x 16). (MEM-4)
# $MGC_HOME/shared/include/ac_std_float.h(1733): Resource '/matrix_multiply/B.d:rsc' split into 16 x 1 blocks (MEM-11)
# $MGC_HOME/shared/include/ac_std_float.h(1733): Memory Resource '/matrix_multiply/B.d:rsc(0)(0)' (from var: B.d) mapped to 'ccs_sample_mem.ccs_ram_sync_1R1W' (size: 8 x 16). (MEM-4)
# $MGC_HOME/shared/include/ac_std_float.h(1733): Memory Resource '/matrix_multiply/B.d:rsc(1)(0)' (from var: B.d) mapped to 'ccs_sample_mem.ccs_ram_sync_1R1W' (size: 8 x 16). (MEM-4)
# $MGC_HOME/shared/include/ac_std_float.h(1733): Memory Resource '/matrix_multiply/B.d:rsc(2)(0)' (from var: B.d) mapped to 'ccs_sample_mem.ccs_ram_sync_1R1W' (size: 8 x 16). (MEM-4)
# $MGC_HOME/shared/include/ac_std_float.h(1733): Memory Resource '/matrix_multiply/B.d:rsc(3)(0)' (from var: B.d) mapped to 'ccs_sample_mem.ccs_ram_sync_1R1W' (size: 8 x 16). (MEM-4)
# $MGC_HOME/shared/include/ac_std_float.h(1733): Memory Resource '/matrix_multiply/B.d:rsc(4)(0)' (from var: B.d) mapped to 'ccs_sample_mem.ccs_ram_sync_1R1W' (size: 8 x 16). (MEM-4)
# $MGC_HOME/shared/include/ac_std_float.h(1733): Memory Resource '/matrix_multiply/B.d:rsc(5)(0)' (from var: B.d) mapped to 'ccs_sample_mem.ccs_ram_sync_1R1W' (size: 8 x 16). (MEM-4)
# $MGC_HOME/shared/include/ac_std_float.h(1733): Memory Resource '/matrix_multiply/B.d:rsc(6)(0)' (from var: B.d) mapped to 'ccs_sample_mem.ccs_ram_sync_1R1W' (size: 8 x 16). (MEM-4)
# $MGC_HOME/shared/include/ac_std_float.h(1733): Memory Resource '/matrix_multiply/B.d:rsc(7)(0)' (from var: B.d) mapped to 'ccs_sample_mem.ccs_ram_sync_1R1W' (size: 8 x 16). (MEM-4)
# $MGC_HOME/shared/include/ac_std_float.h(1733): Memory Resource '/matrix_multiply/B.d:rsc(8)(0)' (from var: B.d) mapped to 'ccs_sample_mem.ccs_ram_sync_1R1W' (size: 8 x 16). (MEM-4)
# $MGC_HOME/shared/include/ac_std_float.h(1733): Memory Resource '/matrix_multiply/B.d:rsc(9)(0)' (from var: B.d) mapped to 'ccs_sample_mem.ccs_ram_sync_1R1W' (size: 8 x 16). (MEM-4)
# $MGC_HOME/shared/include/ac_std_float.h(1733): Memory Resource '/matrix_multiply/B.d:rsc(10)(0)' (from var: B.d) mapped to 'ccs_sample_mem.ccs_ram_sync_1R1W' (size: 8 x 16). (MEM-4)
# $MGC_HOME/shared/include/ac_std_float.h(1733): Memory Resource '/matrix_multiply/B.d:rsc(11)(0)' (from var: B.d) mapped to 'ccs_sample_mem.ccs_ram_sync_1R1W' (size: 8 x 16). (MEM-4)
# $MGC_HOME/shared/include/ac_std_float.h(1733): Memory Resource '/matrix_multiply/B.d:rsc(12)(0)' (from var: B.d) mapped to 'ccs_sample_mem.ccs_ram_sync_1R1W' (size: 8 x 16). (MEM-4)
# $MGC_HOME/shared/include/ac_std_float.h(1733): Memory Resource '/matrix_multiply/B.d:rsc(13)(0)' (from var: B.d) mapped to 'ccs_sample_mem.ccs_ram_sync_1R1W' (size: 8 x 16). (MEM-4)
# $MGC_HOME/shared/include/ac_std_float.h(1733): Memory Resource '/matrix_multiply/B.d:rsc(14)(0)' (from var: B.d) mapped to 'ccs_sample_mem.ccs_ram_sync_1R1W' (size: 8 x 16). (MEM-4)
# $MGC_HOME/shared/include/ac_std_float.h(1733): Memory Resource '/matrix_multiply/B.d:rsc(15)(0)' (from var: B.d) mapped to 'ccs_sample_mem.ccs_ram_sync_1R1W' (size: 8 x 16). (MEM-4)
# $MGC_HOME/shared/include/ac_std_float.h(1733): Memory Resource '/matrix_multiply/C.d:rsc' (from var: C.d) mapped to 'ccs_sample_mem.ccs_ram_sync_1R1W' (size: 8192 x 16). (MEM-4)
# Info: Running transformation 'memories' on solution 'matrix_multiply.v1': elapsed time 27.07 seconds, memory usage 1596268kB, peak memory usage 1596268kB (SOL-15)
# Info: Completed transformation 'memories' on solution 'matrix_multiply.v1': elapsed time 41.43 seconds, memory usage 1596268kB, peak memory usage 1596268kB (SOL-9)
# Info: Design complexity at end of 'memories': Total ops = 7941, Real ops = 2075, Vars = 1718 (SOL-21)
# Info: Starting transformation 'cluster' on solution 'matrix_multiply.v1' (SOL-8)
# Warning: ROM clustering skipped Technology Library(ies) required for Prototyping not found (CLUSTER-24)
# Module 'leading_sign_15_0_1_0_57210b0ad95c4fe954280875fe8f495c6134_0' in the cache is valid & accepted for CCORE 'leading_sign_15_0_1_0_57210b0ad95c4fe954280875fe8f495c6134' (TD-3)
# Reading solution library '/home/ajh9498/Documents/SALSA_HLS/mat_mul/mat_mul_1024x16_16x8_float/td_ccore_solutions/leading_sign_15_0_1_0_57210b0ad95c4fe954280875fe8f495c6134_0/.sif/solIndex_2_baa3c330-52ba-4ed0-946e-070b7f501a08.xml' ... (LIB-129)
# Module for CCORE 'leading_sign_15_0_1_0_57210b0ad95c4fe954280875fe8f495c6134' has been successfully synthesized (TD-4)
# Module 'leading_sign_11_0_4d0bb2ecabbe24067f655d7d939c3fe25abc_0' in the cache is valid & accepted for CCORE 'leading_sign_11_0_4d0bb2ecabbe24067f655d7d939c3fe25abc' (TD-3)
# Reading solution library '/home/ajh9498/Documents/SALSA_HLS/mat_mul/mat_mul_1024x16_16x8_float/td_ccore_solutions/leading_sign_11_0_4d0bb2ecabbe24067f655d7d939c3fe25abc_0/.sif/solIndex_2_806ab425-3076-456b-b87b-6855f52a691d.xml' ... (LIB-129)
# Module for CCORE 'leading_sign_11_0_4d0bb2ecabbe24067f655d7d939c3fe25abc' has been successfully synthesized (TD-4)
# Info: Completed transformation 'cluster' on solution 'matrix_multiply.v1': elapsed time 12.97 seconds, memory usage 1596268kB, peak memory usage 1596268kB (SOL-9)
# Info: Design complexity at end of 'cluster': Total ops = 7814, Real ops = 2004, Vars = 1691 (SOL-21)
# Info: Starting transformation 'architect' on solution 'matrix_multiply.v1' (SOL-8)
# Info: Running transformation 'architect' on solution 'matrix_multiply.v1': elapsed time 23.28 seconds, memory usage 1596268kB, peak memory usage 1596268kB (SOL-15)
# Info: Running transformation 'architect' on solution 'matrix_multiply.v1': elapsed time 46.69 seconds, memory usage 1596268kB, peak memory usage 1596268kB (SOL-15)
# Info: Running transformation 'architect' on solution 'matrix_multiply.v1': elapsed time 70.13 seconds, memory usage 1596268kB, peak memory usage 1596268kB (SOL-15)
# Design 'matrix_multiply' contains '3318' real operations. (SOL-11)
# Info: Completed transformation 'architect' on solution 'matrix_multiply.v1': elapsed time 71.41 seconds, memory usage 1596268kB, peak memory usage 1596268kB (SOL-9)
# Info: Design complexity at end of 'architect': Total ops = 8776, Real ops = 3318, Vars = 1669 (SOL-21)
# Info: Starting transformation 'allocate' on solution 'matrix_multiply.v1' (SOL-8)
# Performing concurrent resource allocation and scheduling on '/matrix_multiply/core' (CRAAS-1)
# Info: Select qualified components for data operations ... (CRAAS-3)
# Info: Apply resource constraints on data operations ... (CRAAS-4)
# $PROJECT_HOME/src/mat_mul.cpp(5): Prescheduled LOOP '/matrix_multiply/core/ROW' (86 c-steps) (SCHD-7)
# $PROJECT_HOME/src/mat_mul.cpp(3): Prescheduled LOOP '/matrix_multiply/core/main' (2 c-steps) (SCHD-7)
# $PROJECT_HOME/src/mat_mul.cpp(3): Prescheduled LOOP '/matrix_multiply/core/core:rlp' (0 c-steps) (SCHD-7)
# $PROJECT_HOME/src/mat_mul.cpp(3): Prescheduled SEQUENTIAL '/matrix_multiply/core' (total length 704514 c-steps) (SCHD-8)
# Info: $PROJECT_HOME/src/mat_mul.cpp(3): Initial schedule of SEQUENTIAL '/matrix_multiply/core': Latency = 8274, Area (Datapath, Register, Total) = 87691.36, 211021.66, 298713.02 (CRAAS-11)
# At least one feasible schedule exists. (CRAAS-9)
# Info: Running transformation 'allocate' on solution 'matrix_multiply.v1': elapsed time 29.81 seconds, memory usage 1596268kB, peak memory usage 1596268kB (SOL-15)
# Info: Optimized LOOP '/matrix_multiply/core/ROW': Latency = 8274, Area (Datapath, Register, Total) = 78972.62, 211336.33, 290308.95 (CRAAS-18)
# Info: Running transformation 'allocate' on solution 'matrix_multiply.v1': elapsed time 53.04 seconds, memory usage 1596268kB, peak memory usage 1596268kB (SOL-15)
# Info: Optimized LOOP '/matrix_multiply/core/ROW': Latency = 8274, Area (Datapath, Register, Total) = 76872.43, 211336.33, 288208.76 (CRAAS-18)
# Info: Running transformation 'allocate' on solution 'matrix_multiply.v1': elapsed time 75.87 seconds, memory usage 1596268kB, peak memory usage 1596268kB (SOL-15)
# Info: Optimized LOOP '/matrix_multiply/core/ROW': Latency = 8274, Area (Datapath, Register, Total) = 75255.24, 211447.39, 286702.62 (CRAAS-18)
# Info: Running transformation 'allocate' on solution 'matrix_multiply.v1': elapsed time 99.06 seconds, memory usage 1596268kB, peak memory usage 1596268kB (SOL-15)
# Info: Optimized LOOP '/matrix_multiply/core/ROW': Latency = 8274, Area (Datapath, Register, Total) = 74446.10, 211280.80, 285726.89 (CRAAS-18)
# Info: Running transformation 'allocate' on solution 'matrix_multiply.v1': elapsed time 122.59 seconds, memory usage 1596268kB, peak memory usage 1596268kB (SOL-15)
# Info: Optimized LOOP '/matrix_multiply/core/ROW': Latency = 8274, Area (Datapath, Register, Total) = 74360.20, 211280.80, 285641.00 (CRAAS-18)
# Info: Running transformation 'allocate' on solution 'matrix_multiply.v1': elapsed time 152.43 seconds, memory usage 1596268kB, peak memory usage 1596268kB (SOL-15)
# Info: Optimized LOOP '/matrix_multiply/core/ROW': Latency = 8274, Area (Datapath, Register, Total) = 73436.90, 211280.80, 284717.70 (CRAAS-18)
# Info: Running transformation 'allocate' on solution 'matrix_multiply.v1': elapsed time 175.65 seconds, memory usage 1596268kB, peak memory usage 1596268kB (SOL-15)
# Info: Optimized LOOP '/matrix_multiply/core/ROW': Latency = 8274, Area (Datapath, Register, Total) = 73248.91, 211280.80, 284529.71 (CRAAS-18)
# Info: Running transformation 'allocate' on solution 'matrix_multiply.v1': elapsed time 198.82 seconds, memory usage 1596268kB, peak memory usage 1596268kB (SOL-15)
# Info: Optimized LOOP '/matrix_multiply/core/ROW': Latency = 8274, Area (Datapath, Register, Total) = 72761.78, 211280.80, 284042.58 (CRAAS-18)
# Info: Running transformation 'allocate' on solution 'matrix_multiply.v1': elapsed time 221.58 seconds, memory usage 1596268kB, peak memory usage 1596268kB (SOL-15)
# Info: Optimized LOOP '/matrix_multiply/core/ROW': Latency = 8274, Area (Datapath, Register, Total) = 72636.92, 211354.84, 283991.75 (CRAAS-18)
# Info: $PROJECT_HOME/src/mat_mul.cpp(3): Final schedule of SEQUENTIAL '/matrix_multiply/core': Latency = 8274, Area (Datapath, Register, Total) = 72552.65, 172410.09, 244962.74 (CRAAS-12)
# Resource allocation and scheduling done. (CRAAS-2)
# Netlist written to file 'schedule.gnt' (NET-4)
# Info: Running transformation 'allocate' on solution 'matrix_multiply.v1': elapsed time 246.11 seconds, memory usage 1596268kB, peak memory usage 1596268kB (SOL-15)
# Info: Optimized LOOP '/matrix_multiply/core/ROW': Latency = 8274, Area (Datapath, Register, Total) = 72552.65, 211428.88, 283981.53 (CRAAS-18)
# Info: Completed transformation 'allocate' on solution 'matrix_multiply.v1': elapsed time 247.82 seconds, memory usage 1596268kB, peak memory usage 1596268kB (SOL-9)
# Info: Design complexity at end of 'allocate': Total ops = 8776, Real ops = 3318, Vars = 1669 (SOL-21)
# Info: Starting transformation 'schedule' on solution 'matrix_multiply.v1' (SOL-8)
# Performing concurrent resource allocation and scheduling on '/matrix_multiply/core' (CRAAS-1)
# Global signal 'C.d:rsc.we' added to design 'matrix_multiply' for component 'C.d:rsci' (LIB-3)
# Global signal 'C.d:rsc.d' added to design 'matrix_multiply' for component 'C.d:rsci' (LIB-3)
# Global signal 'C.d:rsc.wadr' added to design 'matrix_multiply' for component 'C.d:rsci' (LIB-3)
# Global signal 'A.d:rsc(0)(0).q' added to design 'matrix_multiply' for component 'A.d:rsc(0)(0)i' (LIB-3)
# Global signal 'A.d:rsc(0)(0).re' added to design 'matrix_multiply' for component 'A.d:rsc(0)(0)i' (LIB-3)
# Global signal 'A.d:rsc(0)(0).radr' added to design 'matrix_multiply' for component 'A.d:rsc(0)(0)i' (LIB-3)
# Global signal 'A.d:rsc(0)(1).q' added to design 'matrix_multiply' for component 'A.d:rsc(0)(1)i' (LIB-3)
# Global signal 'A.d:rsc(0)(1).re' added to design 'matrix_multiply' for component 'A.d:rsc(0)(1)i' (LIB-3)
# Global signal 'A.d:rsc(0)(1).radr' added to design 'matrix_multiply' for component 'A.d:rsc(0)(1)i' (LIB-3)
# Global signal 'A.d:rsc(0)(2).q' added to design 'matrix_multiply' for component 'A.d:rsc(0)(2)i' (LIB-3)
# Global signal 'A.d:rsc(0)(2).re' added to design 'matrix_multiply' for component 'A.d:rsc(0)(2)i' (LIB-3)
# Global signal 'A.d:rsc(0)(2).radr' added to design 'matrix_multiply' for component 'A.d:rsc(0)(2)i' (LIB-3)
# Global signal 'A.d:rsc(0)(3).q' added to design 'matrix_multiply' for component 'A.d:rsc(0)(3)i' (LIB-3)
# Global signal 'A.d:rsc(0)(3).re' added to design 'matrix_multiply' for component 'A.d:rsc(0)(3)i' (LIB-3)
# Global signal 'A.d:rsc(0)(3).radr' added to design 'matrix_multiply' for component 'A.d:rsc(0)(3)i' (LIB-3)
# Global signal 'A.d:rsc(0)(4).q' added to design 'matrix_multiply' for component 'A.d:rsc(0)(4)i' (LIB-3)
# Global signal 'A.d:rsc(0)(4).re' added to design 'matrix_multiply' for component 'A.d:rsc(0)(4)i' (LIB-3)
# Global signal 'A.d:rsc(0)(4).radr' added to design 'matrix_multiply' for component 'A.d:rsc(0)(4)i' (LIB-3)
# Global signal 'A.d:rsc(0)(5).q' added to design 'matrix_multiply' for component 'A.d:rsc(0)(5)i' (LIB-3)
# Global signal 'A.d:rsc(0)(5).re' added to design 'matrix_multiply' for component 'A.d:rsc(0)(5)i' (LIB-3)
# Global signal 'A.d:rsc(0)(5).radr' added to design 'matrix_multiply' for component 'A.d:rsc(0)(5)i' (LIB-3)
# Global signal 'A.d:rsc(0)(6).q' added to design 'matrix_multiply' for component 'A.d:rsc(0)(6)i' (LIB-3)
# Global signal 'A.d:rsc(0)(6).re' added to design 'matrix_multiply' for component 'A.d:rsc(0)(6)i' (LIB-3)
# Global signal 'A.d:rsc(0)(6).radr' added to design 'matrix_multiply' for component 'A.d:rsc(0)(6)i' (LIB-3)
# Global signal 'A.d:rsc(0)(7).q' added to design 'matrix_multiply' for component 'A.d:rsc(0)(7)i' (LIB-3)
# Global signal 'A.d:rsc(0)(7).re' added to design 'matrix_multiply' for component 'A.d:rsc(0)(7)i' (LIB-3)
# Global signal 'A.d:rsc(0)(7).radr' added to design 'matrix_multiply' for component 'A.d:rsc(0)(7)i' (LIB-3)
# Global signal 'A.d:rsc(0)(8).q' added to design 'matrix_multiply' for component 'A.d:rsc(0)(8)i' (LIB-3)
# Global signal 'A.d:rsc(0)(8).re' added to design 'matrix_multiply' for component 'A.d:rsc(0)(8)i' (LIB-3)
# Global signal 'A.d:rsc(0)(8).radr' added to design 'matrix_multiply' for component 'A.d:rsc(0)(8)i' (LIB-3)
# Global signal 'A.d:rsc(0)(9).q' added to design 'matrix_multiply' for component 'A.d:rsc(0)(9)i' (LIB-3)
# Global signal 'A.d:rsc(0)(9).re' added to design 'matrix_multiply' for component 'A.d:rsc(0)(9)i' (LIB-3)
# Global signal 'A.d:rsc(0)(9).radr' added to design 'matrix_multiply' for component 'A.d:rsc(0)(9)i' (LIB-3)
# Global signal 'A.d:rsc(0)(10).q' added to design 'matrix_multiply' for component 'A.d:rsc(0)(10)i' (LIB-3)
# Global signal 'A.d:rsc(0)(10).re' added to design 'matrix_multiply' for component 'A.d:rsc(0)(10)i' (LIB-3)
# Global signal 'A.d:rsc(0)(10).radr' added to design 'matrix_multiply' for component 'A.d:rsc(0)(10)i' (LIB-3)
# Global signal 'A.d:rsc(0)(11).q' added to design 'matrix_multiply' for component 'A.d:rsc(0)(11)i' (LIB-3)
# Global signal 'A.d:rsc(0)(11).re' added to design 'matrix_multiply' for component 'A.d:rsc(0)(11)i' (LIB-3)
# Global signal 'A.d:rsc(0)(11).radr' added to design 'matrix_multiply' for component 'A.d:rsc(0)(11)i' (LIB-3)
# Global signal 'A.d:rsc(0)(12).q' added to design 'matrix_multiply' for component 'A.d:rsc(0)(12)i' (LIB-3)
# Global signal 'A.d:rsc(0)(12).re' added to design 'matrix_multiply' for component 'A.d:rsc(0)(12)i' (LIB-3)
# Global signal 'A.d:rsc(0)(12).radr' added to design 'matrix_multiply' for component 'A.d:rsc(0)(12)i' (LIB-3)
# Global signal 'A.d:rsc(0)(13).q' added to design 'matrix_multiply' for component 'A.d:rsc(0)(13)i' (LIB-3)
# Global signal 'A.d:rsc(0)(13).re' added to design 'matrix_multiply' for component 'A.d:rsc(0)(13)i' (LIB-3)
# Global signal 'A.d:rsc(0)(13).radr' added to design 'matrix_multiply' for component 'A.d:rsc(0)(13)i' (LIB-3)
# Global signal 'A.d:rsc(0)(14).q' added to design 'matrix_multiply' for component 'A.d:rsc(0)(14)i' (LIB-3)
# Global signal 'A.d:rsc(0)(14).re' added to design 'matrix_multiply' for component 'A.d:rsc(0)(14)i' (LIB-3)
# Global signal 'A.d:rsc(0)(14).radr' added to design 'matrix_multiply' for component 'A.d:rsc(0)(14)i' (LIB-3)
# Global signal 'A.d:rsc(0)(15).q' added to design 'matrix_multiply' for component 'A.d:rsc(0)(15)i' (LIB-3)
# Global signal 'A.d:rsc(0)(15).re' added to design 'matrix_multiply' for component 'A.d:rsc(0)(15)i' (LIB-3)
# Global signal 'A.d:rsc(0)(15).radr' added to design 'matrix_multiply' for component 'A.d:rsc(0)(15)i' (LIB-3)
# Global signal 'B.d:rsc(0)(0).q' added to design 'matrix_multiply' for component 'B.d:rsc(0)(0)i' (LIB-3)
# Global signal 'B.d:rsc(0)(0).re' added to design 'matrix_multiply' for component 'B.d:rsc(0)(0)i' (LIB-3)
# Global signal 'B.d:rsc(0)(0).radr' added to design 'matrix_multiply' for component 'B.d:rsc(0)(0)i' (LIB-3)
# Global signal 'B.d:rsc(1)(0).q' added to design 'matrix_multiply' for component 'B.d:rsc(1)(0)i' (LIB-3)
# Global signal 'B.d:rsc(1)(0).re' added to design 'matrix_multiply' for component 'B.d:rsc(1)(0)i' (LIB-3)
# Global signal 'B.d:rsc(1)(0).radr' added to design 'matrix_multiply' for component 'B.d:rsc(1)(0)i' (LIB-3)
# Global signal 'B.d:rsc(2)(0).q' added to design 'matrix_multiply' for component 'B.d:rsc(2)(0)i' (LIB-3)
# Global signal 'B.d:rsc(2)(0).re' added to design 'matrix_multiply' for component 'B.d:rsc(2)(0)i' (LIB-3)
# Global signal 'B.d:rsc(2)(0).radr' added to design 'matrix_multiply' for component 'B.d:rsc(2)(0)i' (LIB-3)
# Global signal 'B.d:rsc(3)(0).q' added to design 'matrix_multiply' for component 'B.d:rsc(3)(0)i' (LIB-3)
# Global signal 'B.d:rsc(3)(0).re' added to design 'matrix_multiply' for component 'B.d:rsc(3)(0)i' (LIB-3)
# Global signal 'B.d:rsc(3)(0).radr' added to design 'matrix_multiply' for component 'B.d:rsc(3)(0)i' (LIB-3)
# Global signal 'B.d:rsc(4)(0).q' added to design 'matrix_multiply' for component 'B.d:rsc(4)(0)i' (LIB-3)
# Global signal 'B.d:rsc(4)(0).re' added to design 'matrix_multiply' for component 'B.d:rsc(4)(0)i' (LIB-3)
# Global signal 'B.d:rsc(4)(0).radr' added to design 'matrix_multiply' for component 'B.d:rsc(4)(0)i' (LIB-3)
# Global signal 'B.d:rsc(5)(0).q' added to design 'matrix_multiply' for component 'B.d:rsc(5)(0)i' (LIB-3)
# Global signal 'B.d:rsc(5)(0).re' added to design 'matrix_multiply' for component 'B.d:rsc(5)(0)i' (LIB-3)
# Global signal 'B.d:rsc(5)(0).radr' added to design 'matrix_multiply' for component 'B.d:rsc(5)(0)i' (LIB-3)
# Global signal 'B.d:rsc(6)(0).q' added to design 'matrix_multiply' for component 'B.d:rsc(6)(0)i' (LIB-3)
# Global signal 'B.d:rsc(6)(0).re' added to design 'matrix_multiply' for component 'B.d:rsc(6)(0)i' (LIB-3)
# Global signal 'B.d:rsc(6)(0).radr' added to design 'matrix_multiply' for component 'B.d:rsc(6)(0)i' (LIB-3)
# Global signal 'B.d:rsc(7)(0).q' added to design 'matrix_multiply' for component 'B.d:rsc(7)(0)i' (LIB-3)
# Global signal 'B.d:rsc(7)(0).re' added to design 'matrix_multiply' for component 'B.d:rsc(7)(0)i' (LIB-3)
# Global signal 'B.d:rsc(7)(0).radr' added to design 'matrix_multiply' for component 'B.d:rsc(7)(0)i' (LIB-3)
# Global signal 'B.d:rsc(8)(0).q' added to design 'matrix_multiply' for component 'B.d:rsc(8)(0)i' (LIB-3)
# Global signal 'B.d:rsc(8)(0).re' added to design 'matrix_multiply' for component 'B.d:rsc(8)(0)i' (LIB-3)
# Global signal 'B.d:rsc(8)(0).radr' added to design 'matrix_multiply' for component 'B.d:rsc(8)(0)i' (LIB-3)
# Global signal 'B.d:rsc(9)(0).q' added to design 'matrix_multiply' for component 'B.d:rsc(9)(0)i' (LIB-3)
# Global signal 'B.d:rsc(9)(0).re' added to design 'matrix_multiply' for component 'B.d:rsc(9)(0)i' (LIB-3)
# Global signal 'B.d:rsc(9)(0).radr' added to design 'matrix_multiply' for component 'B.d:rsc(9)(0)i' (LIB-3)
# Global signal 'B.d:rsc(10)(0).q' added to design 'matrix_multiply' for component 'B.d:rsc(10)(0)i' (LIB-3)
# Global signal 'B.d:rsc(10)(0).re' added to design 'matrix_multiply' for component 'B.d:rsc(10)(0)i' (LIB-3)
# Global signal 'B.d:rsc(10)(0).radr' added to design 'matrix_multiply' for component 'B.d:rsc(10)(0)i' (LIB-3)
# Global signal 'B.d:rsc(11)(0).q' added to design 'matrix_multiply' for component 'B.d:rsc(11)(0)i' (LIB-3)
# Global signal 'B.d:rsc(11)(0).re' added to design 'matrix_multiply' for component 'B.d:rsc(11)(0)i' (LIB-3)
# Global signal 'B.d:rsc(11)(0).radr' added to design 'matrix_multiply' for component 'B.d:rsc(11)(0)i' (LIB-3)
# Global signal 'B.d:rsc(12)(0).q' added to design 'matrix_multiply' for component 'B.d:rsc(12)(0)i' (LIB-3)
# Global signal 'B.d:rsc(12)(0).re' added to design 'matrix_multiply' for component 'B.d:rsc(12)(0)i' (LIB-3)
# Global signal 'B.d:rsc(12)(0).radr' added to design 'matrix_multiply' for component 'B.d:rsc(12)(0)i' (LIB-3)
# Global signal 'B.d:rsc(13)(0).q' added to design 'matrix_multiply' for component 'B.d:rsc(13)(0)i' (LIB-3)
# Global signal 'B.d:rsc(13)(0).re' added to design 'matrix_multiply' for component 'B.d:rsc(13)(0)i' (LIB-3)
# Global signal 'B.d:rsc(13)(0).radr' added to design 'matrix_multiply' for component 'B.d:rsc(13)(0)i' (LIB-3)
# Global signal 'B.d:rsc(14)(0).q' added to design 'matrix_multiply' for component 'B.d:rsc(14)(0)i' (LIB-3)
# Global signal 'B.d:rsc(14)(0).re' added to design 'matrix_multiply' for component 'B.d:rsc(14)(0)i' (LIB-3)
# Global signal 'B.d:rsc(14)(0).radr' added to design 'matrix_multiply' for component 'B.d:rsc(14)(0)i' (LIB-3)
# Global signal 'B.d:rsc(15)(0).q' added to design 'matrix_multiply' for component 'B.d:rsc(15)(0)i' (LIB-3)
# Global signal 'B.d:rsc(15)(0).re' added to design 'matrix_multiply' for component 'B.d:rsc(15)(0)i' (LIB-3)
# Global signal 'B.d:rsc(15)(0).radr' added to design 'matrix_multiply' for component 'B.d:rsc(15)(0)i' (LIB-3)
# Global signal 'A.d.tri(0)(15)osy.lz' added to design 'matrix_multiply' for component 'A.d.tri(0)(15)osy:obj' (LIB-3)
# Global signal 'A.d.tri(0)(14)osy.lz' added to design 'matrix_multiply' for component 'A.d.tri(0)(14)osy:obj' (LIB-3)
# Global signal 'A.d.tri(0)(13)osy.lz' added to design 'matrix_multiply' for component 'A.d.tri(0)(13)osy:obj' (LIB-3)
# Global signal 'A.d.tri(0)(12)osy.lz' added to design 'matrix_multiply' for component 'A.d.tri(0)(12)osy:obj' (LIB-3)
# Global signal 'A.d.tri(0)(11)osy.lz' added to design 'matrix_multiply' for component 'A.d.tri(0)(11)osy:obj' (LIB-3)
# Global signal 'A.d.tri(0)(10)osy.lz' added to design 'matrix_multiply' for component 'A.d.tri(0)(10)osy:obj' (LIB-3)
# Global signal 'A.d.tri(0)(9)osy.lz' added to design 'matrix_multiply' for component 'A.d.tri(0)(9)osy:obj' (LIB-3)
# Global signal 'A.d.tri(0)(8)osy.lz' added to design 'matrix_multiply' for component 'A.d.tri(0)(8)osy:obj' (LIB-3)
# Global signal 'A.d.tri(0)(7)osy.lz' added to design 'matrix_multiply' for component 'A.d.tri(0)(7)osy:obj' (LIB-3)
# Global signal 'A.d.tri(0)(6)osy.lz' added to design 'matrix_multiply' for component 'A.d.tri(0)(6)osy:obj' (LIB-3)
# Global signal 'A.d.tri(0)(5)osy.lz' added to design 'matrix_multiply' for component 'A.d.tri(0)(5)osy:obj' (LIB-3)
# Global signal 'A.d.tri(0)(4)osy.lz' added to design 'matrix_multiply' for component 'A.d.tri(0)(4)osy:obj' (LIB-3)
# Global signal 'A.d.tri(0)(3)osy.lz' added to design 'matrix_multiply' for component 'A.d.tri(0)(3)osy:obj' (LIB-3)
# Global signal 'A.d.tri(0)(2)osy.lz' added to design 'matrix_multiply' for component 'A.d.tri(0)(2)osy:obj' (LIB-3)
# Global signal 'A.d.tri(0)(1)osy.lz' added to design 'matrix_multiply' for component 'A.d.tri(0)(1)osy:obj' (LIB-3)
# Global signal 'A.d.tri(0)(0)osy.lz' added to design 'matrix_multiply' for component 'A.d.tri(0)(0)osy:obj' (LIB-3)
# Global signal 'B.d.tri(15)(0)osy.lz' added to design 'matrix_multiply' for component 'B.d.tri(15)(0)osy:obj' (LIB-3)
# Global signal 'B.d.tri(14)(0)osy.lz' added to design 'matrix_multiply' for component 'B.d.tri(14)(0)osy:obj' (LIB-3)
# Global signal 'B.d.tri(13)(0)osy.lz' added to design 'matrix_multiply' for component 'B.d.tri(13)(0)osy:obj' (LIB-3)
# Global signal 'B.d.tri(12)(0)osy.lz' added to design 'matrix_multiply' for component 'B.d.tri(12)(0)osy:obj' (LIB-3)
# Global signal 'B.d.tri(11)(0)osy.lz' added to design 'matrix_multiply' for component 'B.d.tri(11)(0)osy:obj' (LIB-3)
# Global signal 'B.d.tri(10)(0)osy.lz' added to design 'matrix_multiply' for component 'B.d.tri(10)(0)osy:obj' (LIB-3)
# Global signal 'B.d.tri(9)(0)osy.lz' added to design 'matrix_multiply' for component 'B.d.tri(9)(0)osy:obj' (LIB-3)
# Global signal 'B.d.tri(8)(0)osy.lz' added to design 'matrix_multiply' for component 'B.d.tri(8)(0)osy:obj' (LIB-3)
# Global signal 'B.d.tri(7)(0)osy.lz' added to design 'matrix_multiply' for component 'B.d.tri(7)(0)osy:obj' (LIB-3)
# Global signal 'B.d.tri(6)(0)osy.lz' added to design 'matrix_multiply' for component 'B.d.tri(6)(0)osy:obj' (LIB-3)
# Global signal 'B.d.tri(5)(0)osy.lz' added to design 'matrix_multiply' for component 'B.d.tri(5)(0)osy:obj' (LIB-3)
# Global signal 'B.d.tri(4)(0)osy.lz' added to design 'matrix_multiply' for component 'B.d.tri(4)(0)osy:obj' (LIB-3)
# Global signal 'B.d.tri(3)(0)osy.lz' added to design 'matrix_multiply' for component 'B.d.tri(3)(0)osy:obj' (LIB-3)
# Global signal 'B.d.tri(2)(0)osy.lz' added to design 'matrix_multiply' for component 'B.d.tri(2)(0)osy:obj' (LIB-3)
# Global signal 'B.d.tri(1)(0)osy.lz' added to design 'matrix_multiply' for component 'B.d.tri(1)(0)osy:obj' (LIB-3)
# Global signal 'B.d.tri(0)(0)osy.lz' added to design 'matrix_multiply' for component 'B.d.tri(0)(0)osy:obj' (LIB-3)
# Global signal 'C.d.triosy.lz' added to design 'matrix_multiply' for component 'C.d.triosy:obj' (LIB-3)
# Info: $PROJECT_HOME/src/mat_mul.cpp(5): Loop '/matrix_multiply/core/ROW' is pipelined with initiation interval 1 and no flushing (SCHD-43)
# Info: Running transformation 'schedule' on solution 'matrix_multiply.v1': elapsed time 29.86 seconds, memory usage 1596268kB, peak memory usage 1596268kB (SOL-15)
# Info: Running transformation 'schedule' on solution 'matrix_multiply.v1': elapsed time 53.40 seconds, memory usage 1596268kB, peak memory usage 1596268kB (SOL-15)
# Info: Running transformation 'schedule' on solution 'matrix_multiply.v1': elapsed time 77.01 seconds, memory usage 1596268kB, peak memory usage 1596268kB (SOL-15)
# Info: Running transformation 'schedule' on solution 'matrix_multiply.v1': elapsed time 100.50 seconds, memory usage 1596268kB, peak memory usage 1596268kB (SOL-15)
# Info: Running transformation 'schedule' on solution 'matrix_multiply.v1': elapsed time 123.63 seconds, memory usage 1596268kB, peak memory usage 1596268kB (SOL-15)
# Info: Running transformation 'schedule' on solution 'matrix_multiply.v1': elapsed time 153.46 seconds, memory usage 1596268kB, peak memory usage 1596268kB (SOL-15)
# Info: Running transformation 'schedule' on solution 'matrix_multiply.v1': elapsed time 176.84 seconds, memory usage 1596268kB, peak memory usage 1596268kB (SOL-15)
# Info: Running transformation 'schedule' on solution 'matrix_multiply.v1': elapsed time 199.95 seconds, memory usage 1596268kB, peak memory usage 1596268kB (SOL-15)
# Info: Running transformation 'schedule' on solution 'matrix_multiply.v1': elapsed time 223.25 seconds, memory usage 1596268kB, peak memory usage 1596268kB (SOL-15)
# Info: Running transformation 'schedule' on solution 'matrix_multiply.v1': elapsed time 246.16 seconds, memory usage 1596268kB, peak memory usage 1596268kB (SOL-15)
# Info: Running transformation 'schedule' on solution 'matrix_multiply.v1': elapsed time 276.01 seconds, memory usage 1596268kB, peak memory usage 1596268kB (SOL-15)
# Report written to file 'cycle.rpt'
# Info: Completed transformation 'schedule' on solution 'matrix_multiply.v1': elapsed time 284.43 seconds, memory usage 1596268kB, peak memory usage 1596268kB (SOL-9)
# Info: Design complexity at end of 'schedule': Total ops = 26131, Real ops = 3299, Vars = 9523 (SOL-21)
# Info: Starting transformation 'dpfsm' on solution 'matrix_multiply.v1' (SOL-8)
# Performing FSM extraction... (FSM-1)
# Info: Running transformation 'dpfsm' on solution 'matrix_multiply.v1': elapsed time 23.58 seconds, memory usage 1596268kB, peak memory usage 1596268kB (SOL-15)
# Info: Running transformation 'dpfsm' on solution 'matrix_multiply.v1': elapsed time 53.41 seconds, memory usage 1596268kB, peak memory usage 1596268kB (SOL-15)
# Info: Running transformation 'dpfsm' on solution 'matrix_multiply.v1': elapsed time 77.09 seconds, memory usage 1596268kB, peak memory usage 1596268kB (SOL-15)
# Info: Running transformation 'dpfsm' on solution 'matrix_multiply.v1': elapsed time 100.84 seconds, memory usage 1596268kB, peak memory usage 1596268kB (SOL-15)
# Info: Running transformation 'dpfsm' on solution 'matrix_multiply.v1': elapsed time 124.58 seconds, memory usage 1596268kB, peak memory usage 1596268kB (SOL-15)
# Info: Running transformation 'dpfsm' on solution 'matrix_multiply.v1': elapsed time 148.33 seconds, memory usage 1596268kB, peak memory usage 1596268kB (SOL-15)
# Info: Running transformation 'dpfsm' on solution 'matrix_multiply.v1': elapsed time 177.66 seconds, memory usage 1596268kB, peak memory usage 1596268kB (SOL-15)
# Info: Running transformation 'dpfsm' on solution 'matrix_multiply.v1': elapsed time 207.52 seconds, memory usage 1596268kB, peak memory usage 1596268kB (SOL-15)
# Info: Running transformation 'dpfsm' on solution 'matrix_multiply.v1': elapsed time 231.30 seconds, memory usage 1596268kB, peak memory usage 1596268kB (SOL-15)
# Info: Running transformation 'dpfsm' on solution 'matrix_multiply.v1': elapsed time 255.05 seconds, memory usage 1596268kB, peak memory usage 1596268kB (SOL-15)
# Info: Running transformation 'dpfsm' on solution 'matrix_multiply.v1': elapsed time 278.83 seconds, memory usage 1596268kB, peak memory usage 1596268kB (SOL-15)
# Info: Running transformation 'dpfsm' on solution 'matrix_multiply.v1': elapsed time 302.58 seconds, memory usage 1596268kB, peak memory usage 1596268kB (SOL-15)
# Info: Running transformation 'dpfsm' on solution 'matrix_multiply.v1': elapsed time 332.07 seconds, memory usage 1596268kB, peak memory usage 1596268kB (SOL-15)
# Info: Running transformation 'dpfsm' on solution 'matrix_multiply.v1': elapsed time 361.95 seconds, memory usage 1596268kB, peak memory usage 1596268kB (SOL-15)
# Info: Running transformation 'dpfsm' on solution 'matrix_multiply.v1': elapsed time 385.75 seconds, memory usage 1596268kB, peak memory usage 1596268kB (SOL-15)
# Info: Running transformation 'dpfsm' on solution 'matrix_multiply.v1': elapsed time 409.52 seconds, memory usage 1596268kB, peak memory usage 1596268kB (SOL-15)
# Info: Running transformation 'dpfsm' on solution 'matrix_multiply.v1': elapsed time 433.33 seconds, memory usage 1596268kB, peak memory usage 1596268kB (SOL-15)
# Info: Running transformation 'dpfsm' on solution 'matrix_multiply.v1': elapsed time 457.09 seconds, memory usage 1596268kB, peak memory usage 1596268kB (SOL-15)
# Info: Running transformation 'dpfsm' on solution 'matrix_multiply.v1': elapsed time 486.52 seconds, memory usage 1596268kB, peak memory usage 1596268kB (SOL-15)
# Info: Running transformation 'dpfsm' on solution 'matrix_multiply.v1': elapsed time 516.40 seconds, memory usage 1596268kB, peak memory usage 1596268kB (SOL-15)
# Info: Running transformation 'dpfsm' on solution 'matrix_multiply.v1': elapsed time 540.12 seconds, memory usage 1596268kB, peak memory usage 1596268kB (SOL-15)
# Info: Running transformation 'dpfsm' on solution 'matrix_multiply.v1': elapsed time 563.90 seconds, memory usage 1596268kB, peak memory usage 1596268kB (SOL-15)
# Info: Running transformation 'dpfsm' on solution 'matrix_multiply.v1': elapsed time 587.73 seconds, memory usage 1596268kB, peak memory usage 1596268kB (SOL-15)
# Info: Running transformation 'dpfsm' on solution 'matrix_multiply.v1': elapsed time 611.35 seconds, memory usage 1596268kB, peak memory usage 1596268kB (SOL-15)
# Info: Running transformation 'dpfsm' on solution 'matrix_multiply.v1': elapsed time 641.02 seconds, memory usage 1596268kB, peak memory usage 1596268kB (SOL-15)
# Info: Running transformation 'dpfsm' on solution 'matrix_multiply.v1': elapsed time 670.84 seconds, memory usage 1596268kB, peak memory usage 1596268kB (SOL-15)
# Info: Running transformation 'dpfsm' on solution 'matrix_multiply.v1': elapsed time 694.61 seconds, memory usage 1596268kB, peak memory usage 1596268kB (SOL-15)
# Info: Running transformation 'dpfsm' on solution 'matrix_multiply.v1': elapsed time 718.38 seconds, memory usage 1596268kB, peak memory usage 1596268kB (SOL-15)
# Info: Running transformation 'dpfsm' on solution 'matrix_multiply.v1': elapsed time 742.22 seconds, memory usage 1596268kB, peak memory usage 1596268kB (SOL-15)
# Info: Running transformation 'dpfsm' on solution 'matrix_multiply.v1': elapsed time 765.88 seconds, memory usage 1596268kB, peak memory usage 1596268kB (SOL-15)
# Info: Running transformation 'dpfsm' on solution 'matrix_multiply.v1': elapsed time 795.37 seconds, memory usage 1596268kB, peak memory usage 1596268kB (SOL-15)
# Info: Running transformation 'dpfsm' on solution 'matrix_multiply.v1': elapsed time 825.25 seconds, memory usage 1596268kB, peak memory usage 1596268kB (SOL-15)
# Info: Running transformation 'dpfsm' on solution 'matrix_multiply.v1': elapsed time 849.04 seconds, memory usage 1596268kB, peak memory usage 1596268kB (SOL-15)
# Info: Running transformation 'dpfsm' on solution 'matrix_multiply.v1': elapsed time 872.87 seconds, memory usage 1596268kB, peak memory usage 1596268kB (SOL-15)
# Info: Running transformation 'dpfsm' on solution 'matrix_multiply.v1': elapsed time 896.66 seconds, memory usage 1596268kB, peak memory usage 1596268kB (SOL-15)
# Info: Running transformation 'dpfsm' on solution 'matrix_multiply.v1': elapsed time 920.54 seconds, memory usage 1596268kB, peak memory usage 1596268kB (SOL-15)
# Info: Running transformation 'dpfsm' on solution 'matrix_multiply.v1': elapsed time 949.81 seconds, memory usage 1596268kB, peak memory usage 1596268kB (SOL-15)
# Info: Completed transformation 'dpfsm' on solution 'matrix_multiply.v1': elapsed time 953.40 seconds, memory usage 1596268kB, peak memory usage 1596268kB (SOL-9)
# Info: Design complexity at end of 'dpfsm': Total ops = 26152, Real ops = 19322, Vars = 8750 (SOL-21)
# Info: Starting transformation 'instance' on solution 'matrix_multiply.v1' (SOL-8)
# Info: Running transformation 'instance' on solution 'matrix_multiply.v1': elapsed time 26.24 seconds, memory usage 1596268kB, peak memory usage 1596268kB (SOL-15)
# Info: Running transformation 'instance' on solution 'matrix_multiply.v1': elapsed time 56.10 seconds, memory usage 1596268kB, peak memory usage 1596268kB (SOL-15)
# Info: Running transformation 'instance' on solution 'matrix_multiply.v1': elapsed time 78.69 seconds, memory usage 1596268kB, peak memory usage 1596268kB (SOL-15)
# Info: Running transformation 'instance' on solution 'matrix_multiply.v1': elapsed time 102.70 seconds, memory usage 1596268kB, peak memory usage 1596268kB (SOL-15)
# Info: Running transformation 'instance' on solution 'matrix_multiply.v1': elapsed time 125.28 seconds, memory usage 1596268kB, peak memory usage 1596268kB (SOL-15)
# Info: Completed transformation 'instance' on solution 'matrix_multiply.v1': elapsed time 125.47 seconds, memory usage 1596268kB, peak memory usage 1596268kB (SOL-9)
# Info: Design complexity at end of 'instance': Total ops = 19392, Real ops = 12329, Vars = 18768 (SOL-21)
# Info: Starting transformation 'extract' on solution 'matrix_multiply.v1' (SOL-8)
# Info: Running transformation 'extract' on solution 'matrix_multiply.v1': elapsed time 24.11 seconds, memory usage 1596268kB, peak memory usage 1596268kB (SOL-15)
# Report written to file 'rtl.rpt'
# Generating scverify_top.cpp
# Netlist written to file 'rtl.v' (NET-4)
# generate concat
# order file name is: rtl.v_order.txt
# Add dependent file: /eda/mentor/Siemens_EDA/Catapult_Synthesis_2023.1_2/Mgc_home/pkgs/siflibs/mgc_io_sync_v2.v
# Add dependent file: /eda/mentor/Siemens_EDA/Catapult_Synthesis_2023.1_2/Mgc_home/pkgs/siflibs/mgc_shift_r_beh_v5.v
# Add dependent file: /eda/mentor/Siemens_EDA/Catapult_Synthesis_2023.1_2/Mgc_home/pkgs/siflibs/mgc_shift_l_beh_v5.v
# Add dependent file: ../td_ccore_solutions/leading_sign_15_0_1_0_57210b0ad95c4fe954280875fe8f495c6134_0/rtl.v
# Add dependent file: ../td_ccore_solutions/leading_sign_11_0_4d0bb2ecabbe24067f655d7d939c3fe25abc_0/rtl.v
# Add dependent file: ./rtl.v
# Finished writing concatenated file: /home/ajh9498/Documents/SALSA_HLS/mat_mul/mat_mul_1024x16_16x8_float/matrix_multiply.v1/concat_rtl.v
# order file name is: rtl.v_order_sim.txt
# Add dependent file: /eda/mentor/Siemens_EDA/Catapult_Synthesis_2023.1_2/Mgc_home/pkgs/siflibs/mgc_io_sync_v2.v
# Add dependent file: /eda/mentor/Siemens_EDA/Catapult_Synthesis_2023.1_2/Mgc_home/pkgs/siflibs/mgc_shift_r_beh_v5.v
# Add dependent file: /eda/mentor/Siemens_EDA/Catapult_Synthesis_2023.1_2/Mgc_home/pkgs/siflibs/mgc_shift_l_beh_v5.v
# Add dependent file: ../td_ccore_solutions/leading_sign_15_0_1_0_57210b0ad95c4fe954280875fe8f495c6134_0/rtl.v
# Add dependent file: ../td_ccore_solutions/leading_sign_11_0_4d0bb2ecabbe24067f655d7d939c3fe25abc_0/rtl.v
# Add dependent file: ./rtl.v
# Finished writing concatenated simulation file: /home/ajh9498/Documents/SALSA_HLS/mat_mul/mat_mul_1024x16_16x8_float/matrix_multiply.v1/concat_sim_rtl.v
# Generating SCVerify testbench files
# Makefile for RTL Verilog output 'rtl.v' vs Untimed C++ written to file './scverify/Verify_rtl_v_msim.mk'
# Makefile for RTL Verilog output 'rtl.v' vs Untimed C++ written to file './scverify/Verify_rtl_v_ncsim.mk'
# Makefile for RTL Verilog output 'rtl.v' vs Untimed C++ written to file './scverify/Verify_rtl_v_vcs.mk'
# Makefile for Concat RTL Verilog output 'concat_sim_rtl.v' vs Untimed C++ written to file './scverify/Verify_concat_sim_rtl_v_msim.mk'
# Makefile for Concat RTL Verilog output 'concat_sim_rtl.v' vs Untimed C++ written to file './scverify/Verify_concat_sim_rtl_v_ncsim.mk'
# Makefile for Concat RTL Verilog output 'concat_sim_rtl.v' vs Untimed C++ written to file './scverify/Verify_concat_sim_rtl_v_vcs.mk'
# Info: Completed transformation 'extract' on solution 'matrix_multiply.v1': elapsed time 49.32 seconds, memory usage 1596268kB, peak memory usage 1596268kB (SOL-9)
# Info: Design complexity at end of 'extract': Total ops = 19392, Real ops = 12329, Vars = 8679 (SOL-21)
# Saving project file '/home/ajh9498/Documents/SALSA_HLS/mat_mul/mat_mul_1024x16_16x8_float.ccs'. (PRJ-5)
