-- Catapult Ultra Synthesis: Report                                              
-- ------------------------- ---------------------------------------------------
-- Version:                  2023.1_2/1049935 Production Release                 
-- Build Date:               Sat Jun 10 10:53:51 PDT 2023                        
                                                                                 
-- Generated by:             ajh9498@hansolo.poly.edu                            
-- Generated date:           Thu Oct 02 19:35:06 EDT 2025                        

Solution Settings: matrix_multiply.v1
  Current state: schedule
  Project: mat_mul_1024x4_4x8_float

Design Input Files Specified
  $PROJECT_HOME/src/mat_mul.cpp
    $PROJECT_HOME/src/mat_mul.h
      $PROJECT_HOME/src/types.h
        $MGC_HOME/shared/include/ac_int.h
        $MGC_HOME/shared/include/ac_float.h
          $MGC_HOME/shared/include/ac_fixed.h
        $MGC_HOME/shared/include/ac_std_float.h
        $MGC_HOME/shared/include/ac_complex.h
      $MGC_HOME/shared/include/mc_scverify.h
  $PROJECT_HOME/src/mat_mul.h
  $PROJECT_HOME/src/types.h
  $PROJECT_HOME/src/main.cpp

Processes/Blocks in Design
  Process               Real Operation(s) count Latency Throughput Reset Length II Comments 
  --------------------- ----------------------- ------- ---------- ------------ -- --------
  /matrix_multiply/core                     847    8214       8219            0  0          
  Design Total:                             847    8214       8219            0  0          
  
Clock Information
  Clock Signal Edge   Period Sharing Alloc (%) Uncertainty Used by Processes/Blocks 
  ------------ ------ ------ ----------------- ----------- ------------------------
  clk          rising  1.000             20.00    0.000000 /matrix_multiply/core    
  
I/O Data Ranges
  Port                Mode DeclType DeclWidth DeclRange ActType ActWidth ActRange 
  ------------------- ---- -------- --------- --------- ------- -------- --------
  clk                 IN   Unsigned         1                                     
  rst                 IN   Unsigned         1                                     
  A.d:rsc(0)(0).q     IN   Unsigned        16                                     
  A.d:rsc(0)(1).q     IN   Unsigned        16                                     
  A.d:rsc(0)(2).q     IN   Unsigned        16                                     
  A.d:rsc(0)(3).q     IN   Unsigned        16                                     
  B.d:rsc(0)(0).q     IN   Unsigned        16                                     
  B.d:rsc(1)(0).q     IN   Unsigned        16                                     
  B.d:rsc(2)(0).q     IN   Unsigned        16                                     
  B.d:rsc(3)(0).q     IN   Unsigned        16                                     
  A.d:rsc(0)(0).radr  OUT  Unsigned        10                                     
  A.d:rsc(0)(0).re    OUT  Unsigned         1                                     
  A.d.tri(0)(0)osy.lz OUT  Unsigned         1                                     
  A.d:rsc(0)(1).radr  OUT  Unsigned        10                                     
  A.d:rsc(0)(1).re    OUT  Unsigned         1                                     
  A.d.tri(0)(1)osy.lz OUT  Unsigned         1                                     
  A.d:rsc(0)(2).radr  OUT  Unsigned        10                                     
  A.d:rsc(0)(2).re    OUT  Unsigned         1                                     
  A.d.tri(0)(2)osy.lz OUT  Unsigned         1                                     
  A.d:rsc(0)(3).radr  OUT  Unsigned        10                                     
  A.d:rsc(0)(3).re    OUT  Unsigned         1                                     
  A.d.tri(0)(3)osy.lz OUT  Unsigned         1                                     
  B.d:rsc(0)(0).radr  OUT  Unsigned         3                                     
  B.d:rsc(0)(0).re    OUT  Unsigned         1                                     
  B.d.tri(0)(0)osy.lz OUT  Unsigned         1                                     
  B.d:rsc(1)(0).radr  OUT  Unsigned         3                                     
  B.d:rsc(1)(0).re    OUT  Unsigned         1                                     
  B.d.tri(1)(0)osy.lz OUT  Unsigned         1                                     
  B.d:rsc(2)(0).radr  OUT  Unsigned         3                                     
  B.d:rsc(2)(0).re    OUT  Unsigned         1                                     
  B.d.tri(2)(0)osy.lz OUT  Unsigned         1                                     
  B.d:rsc(3)(0).radr  OUT  Unsigned         3                                     
  B.d:rsc(3)(0).re    OUT  Unsigned         1                                     
  B.d.tri(3)(0)osy.lz OUT  Unsigned         1                                     
  C.d:rsc.wadr        OUT  Unsigned        13                                     
  C.d:rsc.d           OUT  Unsigned        16                                     
  C.d:rsc.we          OUT  Unsigned         1                                     
  C.d.triosy.lz       OUT  Unsigned         1                                     
  
Memory Resources
  Resource Name: /matrix_multiply/A.d:rsc
    Memory Component: ccs_ram_sync_1R1W            Size:         4096 x 16
    External:         false                        Packing Mode: absolute
    Memory Map:
    Variable             Indices Phys Memory Address        
    -------------------- ------- --------------------------
    /matrix_multiply/A.d    0:15 00000fff-00000000 (4095-0) 
    
    Splitting: 
    Block         Original Addresses 
    ------------- ------------------
    A.d:rsc(0)(0)   0, 4, ..., 4092  
    A.d:rsc(0)(1)   1, 5, ..., 4093  
    A.d:rsc(0)(2)   2, 6, ..., 4094  
    A.d:rsc(0)(3)   3, 7, ..., 4095  
    
  Resource Name: /matrix_multiply/B.d:rsc
    Memory Component: ccs_ram_sync_1R1W            Size:         32 x 16
    External:         false                        Packing Mode: absolute
    Memory Map:
    Variable             Indices Phys Memory Address      
    -------------------- ------- ------------------------
    /matrix_multiply/B.d    0:15 0000001f-00000000 (31-0) 
    
    Splitting: 
    Block         Original Addresses 
    ------------- ------------------
    B.d:rsc(0)(0)   0, 1, ..., 7     
    B.d:rsc(1)(0)   8, 9, ..., 15    
    B.d:rsc(2)(0)   16, 17, ..., 23  
    B.d:rsc(3)(0)   24, 25, ..., 31  
    
  Resource Name: /matrix_multiply/C.d:rsc
    Memory Component: ccs_ram_sync_1R1W            Size:         8192 x 16
    External:         false                        Packing Mode: absolute
    Memory Map:
    Variable             Indices Phys Memory Address        
    -------------------- ------- --------------------------
    /matrix_multiply/C.d    0:15 00001fff-00000000 (8191-0) 
    
C++ to Interface Mappings
  C++ Field Interface Range Range Expression Expression Limits 
  --------- --------------- ---------------- -----------------
  
Multi-Cycle (Combinational) Component Usage
  Instance Component Name Cycles 
  -------- -------------- ------
  
Loops
  Process               Loop             Iterations C-Steps Total Cycles  Duration  Unroll Init Comments 
  --------------------- ---------------- ---------- ------- ------------- --------- ------ ---- --------
  /matrix_multiply/core core:rlp           Infinite       0         8219   8.22 us                       
  /matrix_multiply/core  main              Infinite       2         8219   8.22 us                       
  /matrix_multiply/core   ROW                  8192      26         8217   8.22 us            1          
  
Loop Execution Profile
  Process               Loop             Total Cycles % of Overall Design Cycles Throughput Cycles Comments 
  --------------------- ---------------- ------------ -------------------------- ----------------- --------
  /matrix_multiply/core core:rlp                   0                        0.00             8219           
  /matrix_multiply/core  main                      2                        0.02             8219           
  /matrix_multiply/core   ROW                   8217                       99.98                8           
  
End of Report
